Archive member included to satisfy reference by file (symbol)

c:/program files (x86)/gnu arm embedded toolchain/10 2021.10/bin/../lib/gcc/arm-none-eabi/10.3.1/../../../../arm-none-eabi/lib/thumb/v6-m/nofp\libc_nano.a(lib_a-exit.o)
                              c:/program files (x86)/gnu arm embedded toolchain/10 2021.10/bin/../lib/gcc/arm-none-eabi/10.3.1/../../../../arm-none-eabi/lib/thumb/v6-m/nofp/crt0.o (exit)
c:/program files (x86)/gnu arm embedded toolchain/10 2021.10/bin/../lib/gcc/arm-none-eabi/10.3.1/../../../../arm-none-eabi/lib/thumb/v6-m/nofp\libc_nano.a(lib_a-impure.o)
                              c:/program files (x86)/gnu arm embedded toolchain/10 2021.10/bin/../lib/gcc/arm-none-eabi/10.3.1/../../../../arm-none-eabi/lib/thumb/v6-m/nofp\libc_nano.a(lib_a-exit.o) (_global_impure_ptr)
c:/program files (x86)/gnu arm embedded toolchain/10 2021.10/bin/../lib/gcc/arm-none-eabi/10.3.1/../../../../arm-none-eabi/lib/thumb/v6-m/nofp\libc_nano.a(lib_a-init.o)
                              c:/program files (x86)/gnu arm embedded toolchain/10 2021.10/bin/../lib/gcc/arm-none-eabi/10.3.1/../../../../arm-none-eabi/lib/thumb/v6-m/nofp/crt0.o (__libc_init_array)
c:/program files (x86)/gnu arm embedded toolchain/10 2021.10/bin/../lib/gcc/arm-none-eabi/10.3.1/../../../../arm-none-eabi/lib/thumb/v6-m/nofp\libc_nano.a(lib_a-memset.o)
                              c:/program files (x86)/gnu arm embedded toolchain/10 2021.10/bin/../lib/gcc/arm-none-eabi/10.3.1/../../../../arm-none-eabi/lib/thumb/v6-m/nofp/crt0.o (memset)
c:/program files (x86)/gnu arm embedded toolchain/10 2021.10/bin/../lib/gcc/arm-none-eabi/10.3.1/../../../../arm-none-eabi/lib/thumb/v6-m/nofp\libnosys.a(_exit.o)
                              c:/program files (x86)/gnu arm embedded toolchain/10 2021.10/bin/../lib/gcc/arm-none-eabi/10.3.1/../../../../arm-none-eabi/lib/thumb/v6-m/nofp\libc_nano.a(lib_a-exit.o) (_exit)
c:/program files (x86)/gnu arm embedded toolchain/10 2021.10/bin/../lib/gcc/arm-none-eabi/10.3.1/thumb/v6-m/nofp\libgcc.a(_udivsi3.o)
                              _build/nrf51422_xxac_bsp.c.o (__aeabi_uidiv)
c:/program files (x86)/gnu arm embedded toolchain/10 2021.10/bin/../lib/gcc/arm-none-eabi/10.3.1/thumb/v6-m/nofp\libgcc.a(_divsi3.o)
                              _build/nrf51422_xxac_bsp.c.o (__aeabi_idiv)
c:/program files (x86)/gnu arm embedded toolchain/10 2021.10/bin/../lib/gcc/arm-none-eabi/10.3.1/thumb/v6-m/nofp\libgcc.a(_dvmd_tls.o)
                              c:/program files (x86)/gnu arm embedded toolchain/10 2021.10/bin/../lib/gcc/arm-none-eabi/10.3.1/thumb/v6-m/nofp\libgcc.a(_udivsi3.o) (__aeabi_idiv0)
c:/program files (x86)/gnu arm embedded toolchain/10 2021.10/bin/../lib/gcc/arm-none-eabi/10.3.1/../../../../arm-none-eabi/lib/thumb/v6-m/nofp\libc_nano.a(lib_a-memcpy-stub.o)
                              _build/nrf51422_xxac_SEGGER_RTT.c.o (memcpy)
c:/program files (x86)/gnu arm embedded toolchain/10 2021.10/bin/../lib/gcc/arm-none-eabi/10.3.1/../../../../arm-none-eabi/lib/thumb/v6-m/nofp\libc_nano.a(lib_a-printf.o)
                              _build/nrf51422_xxac_main.c.o (printf)
c:/program files (x86)/gnu arm embedded toolchain/10 2021.10/bin/../lib/gcc/arm-none-eabi/10.3.1/../../../../arm-none-eabi/lib/thumb/v6-m/nofp\libc_nano.a(lib_a-strcpy.o)
                              _build/nrf51422_xxac_SEGGER_RTT.c.o (strcpy)
c:/program files (x86)/gnu arm embedded toolchain/10 2021.10/bin/../lib/gcc/arm-none-eabi/10.3.1/../../../../arm-none-eabi/lib/thumb/v6-m/nofp\libc_nano.a(lib_a-strlen.o)
                              _build/nrf51422_xxac_main.c.o (strlen)
c:/program files (x86)/gnu arm embedded toolchain/10 2021.10/bin/../lib/gcc/arm-none-eabi/10.3.1/../../../../arm-none-eabi/lib/thumb/v6-m/nofp\libc_nano.a(lib_a-findfp.o)
                              c:/program files (x86)/gnu arm embedded toolchain/10 2021.10/bin/../lib/gcc/arm-none-eabi/10.3.1/../../../../arm-none-eabi/lib/thumb/v6-m/nofp\libc_nano.a(lib_a-printf.o) (__sinit)
c:/program files (x86)/gnu arm embedded toolchain/10 2021.10/bin/../lib/gcc/arm-none-eabi/10.3.1/../../../../arm-none-eabi/lib/thumb/v6-m/nofp\libc_nano.a(lib_a-fwalk.o)
                              c:/program files (x86)/gnu arm embedded toolchain/10 2021.10/bin/../lib/gcc/arm-none-eabi/10.3.1/../../../../arm-none-eabi/lib/thumb/v6-m/nofp\libc_nano.a(lib_a-findfp.o) (_fwalk)
c:/program files (x86)/gnu arm embedded toolchain/10 2021.10/bin/../lib/gcc/arm-none-eabi/10.3.1/../../../../arm-none-eabi/lib/thumb/v6-m/nofp\libc_nano.a(lib_a-lock.o)
                              c:/program files (x86)/gnu arm embedded toolchain/10 2021.10/bin/../lib/gcc/arm-none-eabi/10.3.1/../../../../arm-none-eabi/lib/thumb/v6-m/nofp\libc_nano.a(lib_a-findfp.o) (__retarget_lock_init_recursive)
c:/program files (x86)/gnu arm embedded toolchain/10 2021.10/bin/../lib/gcc/arm-none-eabi/10.3.1/../../../../arm-none-eabi/lib/thumb/v6-m/nofp\libc_nano.a(lib_a-nano-mallocr.o)
[...]
Memory Configuration

Name             Origin             Length             Attributes
FLASH            0x0001b000         0x00025000         xr
RAM              0x20001eb0         0x00006150         xrw
*default*        0x00000000         0xffffffff

Linker script and memory map


.text           0x0001b000     0x4da0
 *(.isr_vector)
 .isr_vector    0x0001b000       0xc0 _build/nrf51422_xxac_gcc_startup_nrf51.S.o
                0x0001b000                __isr_vector
 *(.text*)
 .text          0x0001b0c0       0x48 c:/program files (x86)/gnu arm embedded toolchain/10 2021.10/bin/../lib/gcc/arm-none-eabi/10.3.1/thumb/v6-m/nofp/crtbegin.o
 .text          0x0001b108       0x80 c:/program files (x86)/gnu arm embedded toolchain/10 2021.10/bin/../lib/gcc/arm-none-eabi/10.3.1/../../../../arm-none-eabi/lib/thumb/v6-m/nofp/crt0.o
                0x0001b108                _stack_init
                0x0001b114                _start
                0x0001b114                _mainCRTStartup
 .text.exit     0x0001b188       0x2c c:/program files (x86)/gnu arm embedded toolchain/10 2021.10/bin/../lib/gcc/arm-none-eabi/10.3.1/../../../../arm-none-eabi/lib/thumb/v6-m/nofp\libc_nano.a(lib_a-exit.o)
                0x0001b188                exit
 .text.__libc_init_array
                0x0001b1b4       0x48 c:/program files (x86)/gnu arm embedded toolchain/10 2021.10/bin/../lib/gcc/arm-none-eabi/10.3.1/../../../../arm-none-eabi/lib/thumb/v6-m/nofp\libc_nano.a(lib_a-init.o)
                0x0001b1b4                __libc_init_array
 .text.memset   0x0001b1fc       0x10 c:/program files (x86)/gnu arm embedded toolchain/10 2021.10/bin/../lib/gcc/arm-none-eabi/10.3.1/../../../../arm-none-eabi/lib/thumb/v6-m/nofp\libc_nano.a(lib_a-memset.o)
                0x0001b1fc                memset
 .text._exit    0x0001b20c        0x4 c:/program files (x86)/gnu arm embedded toolchain/10 2021.10/bin/../lib/gcc/arm-none-eabi/10.3.1/../../../../arm-none-eabi/lib/thumb/v6-m/nofp\libnosys.a(_exit.o)
                0x0001b20c                _exit
 .text.sd_app_evt_wait
                0x0001b210        0x4 _build/nrf51422_xxac_main.c.o
 .text.sd_ble_gap_conn_param_update
                0x0001b214        0x4 _build/nrf51422_xxac_main.c.o
 .text.sd_ble_gap_disconnect
                0x0001b218        0x4 _build/nrf51422_xxac_main.c.o
 .text.sd_ble_gap_sec_params_reply
                0x0001b21c        0x4 _build/nrf51422_xxac_main.c.o
 .text.sd_ble_gap_scan_start
                0x0001b220        0x4 _build/nrf51422_xxac_main.c.o
 .text.sd_ble_gap_connect
                0x0001b224        0x4 _build/nrf51422_xxac_main.c.o
 .text.db_disc_handler
                0x0001b228       0x10 _build/nrf51422_xxac_main.c.o
 .text.uart_event_handle
                0x0001b238       0x50 _build/nrf51422_xxac_main.c.o
                0x0001b238                uart_event_handle
 .text.ble_fes_c_evt_handler
                0x0001b288      0x118 _build/nrf51422_xxac_main.c.o
 .text.ble_evt_dispatch
                0x0001b3a0      0x1a0 _build/nrf51422_xxac_main.c.o
 .text.startup.main
                0x0001b540      0x594 _build/nrf51422_xxac_main.c.o
                0x0001b540                main
 .text.sd_ble_uuid_vs_add
                0x0001bad4        0x4 _build/nrf51422_xxac_fes_uuids.c.o
 .text.fes_uuids_init
                0x0001bad8       0x54 _build/nrf51422_xxac_fes_uuids.c.o
                0x0001bad8                fes_uuids_init
 .text.sd_ble_gattc_write
                0x0001bb2c        0x4 _build/nrf51422_xxac_fes_ble.c.o
 .text.sd_ble_uuid_decode
                0x0001bb30        0x4 _build/nrf51422_xxac_fes_ble.c.o
 .text.ble_fes_c_on_db_disc_evt
                0x0001bb34       0xd0 _build/nrf51422_xxac_fes_ble.c.o
                0x0001bb34                ble_fes_c_on_db_disc_evt
 .text.ble_fes_c_on_ble_evt
                0x0001bc04       0x7c _build/nrf51422_xxac_fes_ble.c.o
                0x0001bc04                ble_fes_c_on_ble_evt
 .text.emptyClients
                0x0001bc80       0x58 _build/nrf51422_xxac_fes_ble.c.o
                0x0001bc80                emptyClients
 .text.is_uuid_present
                0x0001bcd8      0x128 _build/nrf51422_xxac_fes_ble.c.o
                0x0001bcd8                is_uuid_present
 .text.on_adv_report
                0x0001be00      0x320 _build/nrf51422_xxac_fes_ble.c.o
                0x0001be00                on_adv_report
 .text.ble_fes_c_handles_assign
                0x0001c120       0x24 _build/nrf51422_xxac_fes_ble.c.o
                0x0001c120                ble_fes_c_handles_assign
 .text.ble_fes_c_rx_notif_enable
                0x0001c144       0x44 _build/nrf51422_xxac_fes_ble.c.o
                0x0001c144                ble_fes_c_rx_notif_enable
 .text.ble_fes_c_string_send
                0x0001c188       0x44 _build/nrf51422_xxac_fes_ble.c.o
                0x0001c188                ble_fes_c_string_send
 .text.highVoltageTest
                0x0001c1cc       0x58 _build/nrf51422_xxac_fes_commands.c.o
                0x0001c1cc                highVoltageTest
 .text.serialNumber
                0x0001c224       0x58 _build/nrf51422_xxac_fes_commands.c.o
                0x0001c224                serialNumber
 .text.app_error_handler_bare
                0x0001c27c       0x20 _build/nrf51422_xxac_app_error.c.o
                0x0001c27c                app_error_handler_bare
 .text.app_error_fault_handler
                0x0001c29c       0x1c _build/nrf51422_xxac_app_error_weak.c.o
                0x0001c29c                app_error_fault_handler
 .text.app_fifo_init
                0x0001c2b8       0x28 _build/nrf51422_xxac_app_fifo.c.o
                0x0001c2b8                app_fifo_init
 .text.app_fifo_put
                0x0001c2e0       0x24 _build/nrf51422_xxac_app_fifo.c.o
                0x0001c2e0                app_fifo_put
 .text.app_fifo_get
                0x0001c304       0x24 _build/nrf51422_xxac_app_fifo.c.o
                0x0001c304                app_fifo_get
 .text.RTC1_IRQHandler
                0x0001c328       0xdc _build/nrf51422_xxac_app_timer.c.o
                0x0001c328                RTC1_IRQHandler
 .text.SWI0_IRQHandler
                0x0001c404      0x540 _build/nrf51422_xxac_app_timer.c.o
                0x0001c404                SWI0_IRQHandler
 .text.app_timer_init
                0x0001c944      0x128 _build/nrf51422_xxac_app_timer.c.o
                0x0001c944                app_timer_init
 .text.uart_event_handler
                0x0001ca6c       0xd0 _build/nrf51422_xxac_app_uart_fifo.c.o
 .text.app_uart_init
                0x0001cb3c       0xc0 _build/nrf51422_xxac_app_uart_fifo.c.o
                0x0001cb3c                app_uart_init
 .text.app_uart_get
                0x0001cbfc       0x40 _build/nrf51422_xxac_app_uart_fifo.c.o
                0x0001cbfc                app_uart_get
 .text.app_uart_put
                0x0001cc3c       0x48 _build/nrf51422_xxac_app_uart_fifo.c.o
                0x0001cc3c                app_uart_put
 .text.app_util_critical_region_enter
                0x0001cc84       0x40 _build/nrf51422_xxac_app_util_platform.c.o
                0x0001cc84                app_util_critical_region_enter
 .text.app_util_critical_region_exit
                0x0001ccc4       0x2c _build/nrf51422_xxac_app_util_platform.c.o
                0x0001ccc4                app_util_critical_region_exit
 .text._write   0x0001ccf0       0x1c _build/nrf51422_xxac_retarget.c.o
                0x0001ccf0                _write
 .text._read    0x0001cd0c       0x14 _build/nrf51422_xxac_retarget.c.o
                0x0001cd0c                _read
 .text.bsp_board_led_on
                0x0001cd20       0x1c _build/nrf51422_xxac_boards.c.o
                0x0001cd20                bsp_board_led_on
 .text.POWER_CLOCK_IRQHandler
                0x0001cd3c       0x78 _build/nrf51422_xxac_nrf_drv_clock.c.o
                0x0001cd3c                POWER_CLOCK_IRQHandler
 .text.nrf_drv_clock_on_soc_event
                0x0001cdb4       0x24 _build/nrf51422_xxac_nrf_drv_clock.c.o
                0x0001cdb4                nrf_drv_clock_on_soc_event
 .text.nrf_drv_clock_on_sd_enable
                0x0001cdd8       0x6c _build/nrf51422_xxac_nrf_drv_clock.c.o
                0x0001cdd8                nrf_drv_clock_on_sd_enable
 .text.nrf_drv_common_irq_enable
                0x0001ce44       0x7c _build/nrf51422_xxac_nrf_drv_common.c.o
                0x0001ce44                nrf_drv_common_irq_enable
 .text.GPIOTE_IRQHandler
                0x0001cec0      0x4e0 _build/nrf51422_xxac_nrf_drv_gpiote.c.o
                0x0001cec0                GPIOTE_IRQHandler
 .text.nrf_drv_uart_init
                0x0001d3a0      0x150 _build/nrf51422_xxac_nrf_drv_uart.c.o
                0x0001d3a0                nrf_drv_uart_init
 .text.nrf_drv_uart_tx
                0x0001d4f0      0x100 _build/nrf51422_xxac_nrf_drv_uart.c.o
                0x0001d4f0                nrf_drv_uart_tx
 .text.nrf_drv_uart_tx_in_progress
                0x0001d5f0       0x1c _build/nrf51422_xxac_nrf_drv_uart.c.o
                0x0001d5f0                nrf_drv_uart_tx_in_progress
 .text.nrf_drv_uart_rx
                0x0001d60c      0x1b8 _build/nrf51422_xxac_nrf_drv_uart.c.o
                0x0001d60c                nrf_drv_uart_rx
 .text.nrf_drv_uart_rx_enable
                0x0001d7c4       0x3c _build/nrf51422_xxac_nrf_drv_uart.c.o
                0x0001d7c4                nrf_drv_uart_rx_enable
 .text.UART0_IRQHandler
                0x0001d800      0x18c _build/nrf51422_xxac_nrf_drv_uart.c.o
                0x0001d800                UART0_IRQHandler
 .text.sd_ble_gattc_primary_services_discover
                0x0001d98c        0x4 _build/nrf51422_xxac_ble_db_discovery.c.o
 .text.sd_ble_gattc_characteristics_discover
                0x0001d990        0x4 _build/nrf51422_xxac_ble_db_discovery.c.o
 .text.sd_ble_gattc_descriptors_discover
                0x0001d994        0x4 _build/nrf51422_xxac_ble_db_discovery.c.o
 .text.discovery_error_evt_trigger
                0x0001d998       0xb8 _build/nrf51422_xxac_ble_db_discovery.c.o
 .text.discovery_complete_evt_trigger
                0x0001da50      0x140 _build/nrf51422_xxac_ble_db_discovery.c.o
 .text.descriptors_discover
                0x0001db90       0xd0 _build/nrf51422_xxac_ble_db_discovery.c.o
 .text.ble_db_discovery_init
                0x0001dc60       0x30 _build/nrf51422_xxac_ble_db_discovery.c.o
                0x0001dc60                ble_db_discovery_init
 .text.ble_db_discovery_evt_register
                0x0001dc90       0xd4 _build/nrf51422_xxac_ble_db_discovery.c.o
                0x0001dc90                ble_db_discovery_evt_register
 .text.ble_db_discovery_start
                0x0001dd64       0x80 _build/nrf51422_xxac_ble_db_discovery.c.o
                0x0001dd64                ble_db_discovery_start
 .text.ble_db_discovery_on_ble_evt
                0x0001dde4      0x87c _build/nrf51422_xxac_ble_db_discovery.c.o
                0x0001dde4                ble_db_discovery_on_ble_evt
 .text          0x0001e660       0x4c _build/nrf51422_xxac_gcc_startup_nrf51.S.o
                0x0001e660                Reset_Handler
                0x0001e6a0                NMI_Handler
                0x0001e6a2                HardFault_Handler
                0x0001e6a4                SVC_Handler
                0x0001e6a6                PendSV_Handler
                0x0001e6a8                SysTick_Handler
                0x0001e6aa                RTC0_IRQHandler
                0x0001e6aa                SPI0_TWI0_IRQHandler
                0x0001e6aa                LPCOMP_IRQHandler
                0x0001e6aa                SWI4_IRQHandler
                0x0001e6aa                TEMP_IRQHandler
                0x0001e6aa                QDEC_IRQHandler
                0x0001e6aa                SWI5_IRQHandler
                0x0001e6aa                TIMER0_IRQHandler
                0x0001e6aa                RADIO_IRQHandler
                0x0001e6aa                TIMER1_IRQHandler
                0x0001e6aa                ECB_IRQHandler
                0x0001e6aa                Default_Handler
                0x0001e6aa                ADC_IRQHandler
                0x0001e6aa                SWI3_IRQHandler
                0x0001e6aa                CCM_AAR_IRQHandler
                0x0001e6aa                WDT_IRQHandler
                0x0001e6aa                TIMER2_IRQHandler
                0x0001e6aa                RNG_IRQHandler
                0x0001e6aa                SPI1_TWI1_IRQHandler
                0x0001e6aa                SWI1_IRQHandler
 .text.SystemInit
                0x0001e6ac       0xe0 _build/nrf51422_xxac_system_nrf51.c.o
                0x0001e6ac                SystemInit
 .text.sd_evt_get
                0x0001e78c        0x4 _build/nrf51422_xxac_softdevice_handler.c.o
 .text.sd_softdevice_enable
                0x0001e790        0x4 _build/nrf51422_xxac_softdevice_handler.c.o
 .text.sd_ble_enable
                0x0001e794        0x4 _build/nrf51422_xxac_softdevice_handler.c.o
 .text.sd_ble_evt_get
                0x0001e798        0x4 _build/nrf51422_xxac_softdevice_handler.c.o
 .text.softdevice_fault_handler
                0x0001e79c        0x8 _build/nrf51422_xxac_softdevice_handler.c.o
                0x0001e79c                softdevice_fault_handler
 .text.intern_softdevice_events_execute.part.0
                0x0001e7a4       0xe8 _build/nrf51422_xxac_softdevice_handler.c.o
 .text.softdevice_handler_is_enabled
                0x0001e88c        0xc _build/nrf51422_xxac_softdevice_handler.c.o
                0x0001e88c                softdevice_handler_is_enabled
 .text.softdevice_handler_init
                0x0001e898       0x9c _build/nrf51422_xxac_softdevice_handler.c.o
                0x0001e898                softdevice_handler_init
 .text.softdevice_ble_evt_handler_set
                0x0001e934       0x14 _build/nrf51422_xxac_softdevice_handler.c.o
                0x0001e934                softdevice_ble_evt_handler_set
 .text.SWI2_IRQHandler
                0x0001e948       0x30 _build/nrf51422_xxac_softdevice_handler.c.o
                0x0001e948                SWI2_IRQHandler
 .text.softdevice_enable_get_default_config
                0x0001e978       0x30 _build/nrf51422_xxac_softdevice_handler.c.o
                0x0001e978                softdevice_enable_get_default_config
 .text.softdevice_enable
                0x0001e9a8       0x1c _build/nrf51422_xxac_softdevice_handler.c.o
                0x0001e9a8                softdevice_enable
 .text          0x0001e9c4      0x114 c:/program files (x86)/gnu arm embedded toolchain/10 2021.10/bin/../lib/gcc/arm-none-eabi/10.3.1/thumb/v6-m/nofp\libgcc.a(_udivsi3.o)
                0x0001e9c4                __aeabi_uidiv
                0x0001e9c4                __udivsi3
                0x0001ead0                __aeabi_uidivmod
 .text          0x0001ead8        0x4 c:/program files (x86)/gnu arm embedded toolchain/10 2021.10/bin/../lib/gcc/arm-none-eabi/10.3.1/thumb/v6-m/nofp\libgcc.a(_dvmd_tls.o)
                0x0001ead8                __aeabi_idiv0
                0x0001ead8                __aeabi_ldiv0
 .text.memcpy   0x0001eadc       0x12 c:/program files (x86)/gnu arm embedded toolchain/10 2021.10/bin/../lib/gcc/arm-none-eabi/10.3.1/../../../../arm-none-eabi/lib/thumb/v6-m/nofp\libc_nano.a(lib_a-memcpy-stub.o)
                0x0001eadc                memcpy
 *fill*         0x0001eaee        0x2 
 .text.printf   0x0001eaf0       0x34 c:/program files (x86)/gnu arm embedded toolchain/10 2021.10/bin/../lib/gcc/arm-none-eabi/10.3.1/../../../../arm-none-eabi/lib/thumb/v6-m/nofp\libc_nano.a(lib_a-printf.o)
                0x0001eaf0                iprintf
                0x0001eaf0                printf
 .text          0x0001eb24        0xe c:/program files (x86)/gnu arm embedded toolchain/10 2021.10/bin/../lib/gcc/arm-none-eabi/10.3.1/../../../../arm-none-eabi/lib/thumb/v6-m/nofp\libc_nano.a(lib_a-strlen.o)
                0x0001eb24                strlen
 *fill*         0x0001eb32        0x2 
 .text.std      0x0001eb34       0x48 c:/program files (x86)/gnu arm embedded toolchain/10 2021.10/bin/../lib/gcc/arm-none-eabi/10.3.1/../../../../arm-none-eabi/lib/thumb/v6-m/nofp\libc_nano.a(lib_a-findfp.o)
 .text._cleanup_r
                0x0001eb7c       0x10 c:/program files (x86)/gnu arm embedded toolchain/10 2021.10/bin/../lib/gcc/arm-none-eabi/10.3.1/../../../../arm-none-eabi/lib/thumb/v6-m/nofp\libc_nano.a(lib_a-findfp.o)
                0x0001eb7c                _cleanup_r
 .text.__sfmoreglue
                0x0001eb8c       0x2c c:/program files (x86)/gnu arm embedded toolchain/10 2021.10/bin/../lib/gcc/arm-none-eabi/10.3.1/../../../../arm-none-eabi/lib/thumb/v6-m/nofp\libc_nano.a(lib_a-findfp.o)
                0x0001eb8c                __sfmoreglue
 .text.__sfp_lock_acquire
                0x0001ebb8       0x10 c:/program files (x86)/gnu arm embedded toolchain/10 2021.10/bin/../lib/gcc/arm-none-eabi/10.3.1/../../../../arm-none-eabi/lib/thumb/v6-m/nofp\libc_nano.a(lib_a-findfp.o)
                0x0001ebb8                __sfp_lock_acquire
 .text.__sfp_lock_release
                0x0001ebc8       0x10 c:/program files (x86)/gnu arm embedded toolchain/10 2021.10/bin/../lib/gcc/arm-none-eabi/10.3.1/../../../../arm-none-eabi/lib/thumb/v6-m/nofp\libc_nano.a(lib_a-findfp.o)
                0x0001ebc8                __sfp_lock_release
 .text.__sinit_lock_acquire
                0x0001ebd8       0x10 c:/program files (x86)/gnu arm embedded toolchain/10 2021.10/bin/../lib/gcc/arm-none-eabi/10.3.1/../../../../arm-none-eabi/lib/thumb/v6-m/nofp\libc_nano.a(lib_a-findfp.o)
                0x0001ebd8                __sinit_lock_acquire
 .text.__sinit_lock_release
                0x0001ebe8       0x10 c:/program files (x86)/gnu arm embedded toolchain/10 2021.10/bin/../lib/gcc/arm-none-eabi/10.3.1/../../../../arm-none-eabi/lib/thumb/v6-m/nofp\libc_nano.a(lib_a-findfp.o)
                0x0001ebe8                __sinit_lock_release
 .text.__sinit  0x0001ebf8       0x70 c:/program files (x86)/gnu arm embedded toolchain/10 2021.10/bin/../lib/gcc/arm-none-eabi/10.3.1/../../../../arm-none-eabi/lib/thumb/v6-m/nofp\libc_nano.a(lib_a-findfp.o)
                0x0001ebf8                __sinit
 .text.__sfp    0x0001ec68       0x90 c:/program files (x86)/gnu arm embedded toolchain/10 2021.10/bin/../lib/gcc/arm-none-eabi/10.3.1/../../../../arm-none-eabi/lib/thumb/v6-m/nofp\libc_nano.a(lib_a-findfp.o)
                0x0001ec68                __sfp
 .text._fwalk_reent
                0x0001ecf8       0x40 c:/program files (x86)/gnu arm embedded toolchain/10 2021.10/bin/../lib/gcc/arm-none-eabi/10.3.1/../../../../arm-none-eabi/lib/thumb/v6-m/nofp\libc_nano.a(lib_a-fwalk.o)
                0x0001ecf8                _fwalk_reent
 .text.__retarget_lock_init_recursive
                0x0001ed38        0x2 c:/program files (x86)/gnu arm embedded toolchain/10 2021.10/bin/../lib/gcc/arm-none-eabi/10.3.1/../../../../arm-none-eabi/lib/thumb/v6-m/nofp\libc_nano.a(lib_a-lock.o)
                0x0001ed38                __retarget_lock_init_recursive
 .text.__retarget_lock_acquire_recursive
                0x0001ed3a        0x2 c:/program files (x86)/gnu arm embedded toolchain/10 2021.10/bin/../lib/gcc/arm-none-eabi/10.3.1/../../../../arm-none-eabi/lib/thumb/v6-m/nofp\libc_nano.a(lib_a-lock.o)
                0x0001ed3a                __retarget_lock_acquire_recursive
 .text.__retarget_lock_release_recursive
                0x0001ed3c        0x2 c:/program files (x86)/gnu arm embedded toolchain/10 2021.10/bin/../lib/gcc/arm-none-eabi/10.3.1/../../../../arm-none-eabi/lib/thumb/v6-m/nofp\libc_nano.a(lib_a-lock.o)
                0x0001ed3c                __retarget_lock_release_recursive
 *fill*         0x0001ed3e        0x2 
 .text.sbrk_aligned
                0x0001ed40       0x44 c:/program files (x86)/gnu arm embedded toolchain/10 2021.10/bin/../lib/gcc/arm-none-eabi/10.3.1/../../../../arm-none-eabi/lib/thumb/v6-m/nofp\libc_nano.a(lib_a-nano-mallocr.o)
 .text._malloc_r
                0x0001ed84       0xec c:/program files (x86)/gnu arm embedded toolchain/10 2021.10/bin/../lib/gcc/arm-none-eabi/10.3.1/../../../../arm-none-eabi/lib/thumb/v6-m/nofp\libc_nano.a(lib_a-nano-mallocr.o)
                0x0001ed84                _malloc_r
 .text.__sfputc_r
                0x0001ee70       0x2a c:/program files (x86)/gnu arm embedded toolchain/10 2021.10/bin/../lib/gcc/arm-none-eabi/10.3.1/../../../../arm-none-eabi/lib/thumb/v6-m/nofp\libc_nano.a(lib_a-nano-vfprintf.o)
 .text.__sfputs_r
                0x0001ee9a       0x24 c:/program files (x86)/gnu arm embedded toolchain/10 2021.10/bin/../lib/gcc/arm-none-eabi/10.3.1/../../../../arm-none-eabi/lib/thumb/v6-m/nofp\libc_nano.a(lib_a-nano-vfprintf.o)
                0x0001ee9a                __sfputs_r
 *fill*         0x0001eebe        0x2 
 .text._vfprintf_r
                0x0001eec0      0x274 c:/program files (x86)/gnu arm embedded toolchain/10 2021.10/bin/../lib/gcc/arm-none-eabi/10.3.1/../../../../arm-none-eabi/lib/thumb/v6-m/nofp\libc_nano.a(lib_a-nano-vfprintf.o)
                0x0001eec0                _vfprintf_r
                0x0001eec0                _vfiprintf_r
 .text._printf_common
                0x0001f134       0xde c:/program files (x86)/gnu arm embedded toolchain/10 2021.10/bin/../lib/gcc/arm-none-eabi/10.3.1/../../../../arm-none-eabi/lib/thumb/v6-m/nofp\libc_nano.a(lib_a-nano-vfprintf_i.o)
                0x0001f134                _printf_common
 *fill*         0x0001f212        0x2 
 .text._printf_i
                0x0001f214      0x224 c:/program files (x86)/gnu arm embedded toolchain/10 2021.10/bin/../lib/gcc/arm-none-eabi/10.3.1/../../../../arm-none-eabi/lib/thumb/v6-m/nofp\libc_nano.a(lib_a-nano-vfprintf_i.o)
                0x0001f214                _printf_i
 .text._sbrk_r  0x0001f438       0x24 c:/program files (x86)/gnu arm embedded toolchain/10 2021.10/bin/../lib/gcc/arm-none-eabi/10.3.1/../../../../arm-none-eabi/lib/thumb/v6-m/nofp\libc_nano.a(lib_a-sbrkr.o)
                0x0001f438                _sbrk_r
 .text.__sread  0x0001f45c       0x28 c:/program files (x86)/gnu arm embedded toolchain/10 2021.10/bin/../lib/gcc/arm-none-eabi/10.3.1/../../../../arm-none-eabi/lib/thumb/v6-m/nofp\libc_nano.a(lib_a-stdio.o)
                0x0001f45c                __sread
 .text.__swrite
                0x0001f484       0x38 c:/program files (x86)/gnu arm embedded toolchain/10 2021.10/bin/../lib/gcc/arm-none-eabi/10.3.1/../../../../arm-none-eabi/lib/thumb/v6-m/nofp\libc_nano.a(lib_a-stdio.o)
                0x0001f484                __swrite
 .text.__sseek  0x0001f4bc       0x2c c:/program files (x86)/gnu arm embedded toolchain/10 2021.10/bin/../lib/gcc/arm-none-eabi/10.3.1/../../../../arm-none-eabi/lib/thumb/v6-m/nofp\libc_nano.a(lib_a-stdio.o)
                0x0001f4bc                __sseek
 .text.__sclose
                0x0001f4e8        0xc c:/program files (x86)/gnu arm embedded toolchain/10 2021.10/bin/../lib/gcc/arm-none-eabi/10.3.1/../../../../arm-none-eabi/lib/thumb/v6-m/nofp\libc_nano.a(lib_a-stdio.o)
                0x0001f4e8                __sclose
 .text.__swbuf_r
                0x0001f4f4       0xac c:/program files (x86)/gnu arm embedded toolchain/10 2021.10/bin/../lib/gcc/arm-none-eabi/10.3.1/../../../../arm-none-eabi/lib/thumb/v6-m/nofp\libc_nano.a(lib_a-wbuf.o)
                0x0001f4f4                __swbuf_r
 .text._write_r
                0x0001f5a0       0x28 c:/program files (x86)/gnu arm embedded toolchain/10 2021.10/bin/../lib/gcc/arm-none-eabi/10.3.1/../../../../arm-none-eabi/lib/thumb/v6-m/nofp\libc_nano.a(lib_a-writer.o)
                0x0001f5a0                _write_r
 .text.__swsetup_r
                0x0001f5c8       0xf0 c:/program files (x86)/gnu arm embedded toolchain/10 2021.10/bin/../lib/gcc/arm-none-eabi/10.3.1/../../../../arm-none-eabi/lib/thumb/v6-m/nofp\libc_nano.a(lib_a-wsetup.o)
                0x0001f5c8                __swsetup_r
 .text._close_r
                0x0001f6b8       0x24 c:/program files (x86)/gnu arm embedded toolchain/10 2021.10/bin/../lib/gcc/arm-none-eabi/10.3.1/../../../../arm-none-eabi/lib/thumb/v6-m/nofp\libc_nano.a(lib_a-closer.o)
                0x0001f6b8                _close_r
 .text.__sflush_r
                0x0001f6dc      0x118 c:/program files (x86)/gnu arm embedded toolchain/10 2021.10/bin/../lib/gcc/arm-none-eabi/10.3.1/../../../../arm-none-eabi/lib/thumb/v6-m/nofp\libc_nano.a(lib_a-fflush.o)
                0x0001f6dc                __sflush_r
 .text._fflush_r
                0x0001f7f4       0x80 c:/program files (x86)/gnu arm embedded toolchain/10 2021.10/bin/../lib/gcc/arm-none-eabi/10.3.1/../../../../arm-none-eabi/lib/thumb/v6-m/nofp\libc_nano.a(lib_a-fflush.o)
                0x0001f7f4                _fflush_r
 .text._lseek_r
                0x0001f874       0x28 c:/program files (x86)/gnu arm embedded toolchain/10 2021.10/bin/../lib/gcc/arm-none-eabi/10.3.1/../../../../arm-none-eabi/lib/thumb/v6-m/nofp\libc_nano.a(lib_a-lseekr.o)
                0x0001f874                _lseek_r
 .text.__swhatbuf_r
                0x0001f89c       0x50 c:/program files (x86)/gnu arm embedded toolchain/10 2021.10/bin/../lib/gcc/arm-none-eabi/10.3.1/../../../../arm-none-eabi/lib/thumb/v6-m/nofp\libc_nano.a(lib_a-makebuf.o)
                0x0001f89c                __swhatbuf_r
 .text.__smakebuf_r
                0x0001f8ec       0x88 c:/program files (x86)/gnu arm embedded toolchain/10 2021.10/bin/../lib/gcc/arm-none-eabi/10.3.1/../../../../arm-none-eabi/lib/thumb/v6-m/nofp\libc_nano.a(lib_a-makebuf.o)
                0x0001f8ec                __smakebuf_r
 .text.memchr   0x0001f974       0x16 c:/program files (x86)/gnu arm embedded toolchain/10 2021.10/bin/../lib/gcc/arm-none-eabi/10.3.1/../../../../arm-none-eabi/lib/thumb/v6-m/nofp\libc_nano.a(lib_a-memchr-stub.o)
                0x0001f974                memchr
 *fill*         0x0001f98a        0x2 
 .text.__malloc_lock
                0x0001f98c       0x10 c:/program files (x86)/gnu arm embedded toolchain/10 2021.10/bin/../lib/gcc/arm-none-eabi/10.3.1/../../../../arm-none-eabi/lib/thumb/v6-m/nofp\libc_nano.a(lib_a-mlock.o)
                0x0001f98c                __malloc_lock
 .text.__malloc_unlock
                0x0001f99c       0x10 c:/program files (x86)/gnu arm embedded toolchain/10 2021.10/bin/../lib/gcc/arm-none-eabi/10.3.1/../../../../arm-none-eabi/lib/thumb/v6-m/nofp\libc_nano.a(lib_a-mlock.o)
                0x0001f99c                __malloc_unlock
 .text._free_r  0x0001f9ac       0x94 c:/program files (x86)/gnu arm embedded toolchain/10 2021.10/bin/../lib/gcc/arm-none-eabi/10.3.1/../../../../arm-none-eabi/lib/thumb/v6-m/nofp\libc_nano.a(lib_a-nano-freer.o)
                0x0001f9ac                _free_r
 .text._read_r  0x0001fa40       0x28 c:/program files (x86)/gnu arm embedded toolchain/10 2021.10/bin/../lib/gcc/arm-none-eabi/10.3.1/../../../../arm-none-eabi/lib/thumb/v6-m/nofp\libc_nano.a(lib_a-readr.o)
                0x0001fa40                _read_r
 .text._fstat_r
                0x0001fa68       0x24 c:/program files (x86)/gnu arm embedded toolchain/10 2021.10/bin/../lib/gcc/arm-none-eabi/10.3.1/../../../../arm-none-eabi/lib/thumb/v6-m/nofp\libc_nano.a(lib_a-fstatr.o)
                0x0001fa68                _fstat_r
 .text._isatty_r
                0x0001fa8c       0x24 c:/program files (x86)/gnu arm embedded toolchain/10 2021.10/bin/../lib/gcc/arm-none-eabi/10.3.1/../../../../arm-none-eabi/lib/thumb/v6-m/nofp\libc_nano.a(lib_a-isattyr.o)
                0x0001fa8c                _isatty_r
 .text          0x0001fab0       0x14 c:/program files (x86)/gnu arm embedded toolchain/10 2021.10/bin/../lib/gcc/arm-none-eabi/10.3.1/thumb/v6-m/nofp\libgcc.a(_thumb1_case_shi.o)
                0x0001fab0                __gnu_thumb1_case_shi
 .text._close   0x0001fac4       0x10 c:/program files (x86)/gnu arm embedded toolchain/10 2021.10/bin/../lib/gcc/arm-none-eabi/10.3.1/../../../../arm-none-eabi/lib/thumb/v6-m/nofp\libnosys.a(close.o)
                0x0001fac4                _close
 .text._fstat   0x0001fad4       0x10 c:/program files (x86)/gnu arm embedded toolchain/10 2021.10/bin/../lib/gcc/arm-none-eabi/10.3.1/../../../../arm-none-eabi/lib/thumb/v6-m/nofp\libnosys.a(fstat.o)
                0x0001fad4                _fstat
 .text._isatty  0x0001fae4       0x10 c:/program files (x86)/gnu arm embedded toolchain/10 2021.10/bin/../lib/gcc/arm-none-eabi/10.3.1/../../../../arm-none-eabi/lib/thumb/v6-m/nofp\libnosys.a(isatty.o)
                0x0001fae4                _isatty
 .text._lseek   0x0001faf4       0x10 c:/program files (x86)/gnu arm embedded toolchain/10 2021.10/bin/../lib/gcc/arm-none-eabi/10.3.1/../../../../arm-none-eabi/lib/thumb/v6-m/nofp\libnosys.a(lseek.o)
                0x0001faf4                _lseek
 .text._sbrk    0x0001fb04       0x1c c:/program files (x86)/gnu arm embedded toolchain/10 2021.10/bin/../lib/gcc/arm-none-eabi/10.3.1/../../../../arm-none-eabi/lib/thumb/v6-m/nofp\libnosys.a(sbrk.o)
                0x0001fb04                _sbrk
 *(.init)
 .init          0x0001fb20        0x4 c:/program files (x86)/gnu arm embedded toolchain/10 2021.10/bin/../lib/gcc/arm-none-eabi/10.3.1/thumb/v6-m/nofp/crti.o
                0x0001fb20                _init
 .init          0x0001fb24        0x8 c:/program files (x86)/gnu arm embedded toolchain/10 2021.10/bin/../lib/gcc/arm-none-eabi/10.3.1/thumb/v6-m/nofp/crtn.o
 *(.fini)
 .fini          0x0001fb2c        0x4 c:/program files (x86)/gnu arm embedded toolchain/10 2021.10/bin/../lib/gcc/arm-none-eabi/10.3.1/thumb/v6-m/nofp/crti.o
                0x0001fb2c                _fini
 .fini          0x0001fb30        0x8 c:/program files (x86)/gnu arm embedded toolchain/10 2021.10/bin/../lib/gcc/arm-none-eabi/10.3.1/thumb/v6-m/nofp/crtn.o
 *crtbegin.o(.ctors)
 *crtbegin?.o(.ctors)
 *(EXCLUDE_FILE(*crtend.o *crtend?.o) .ctors)
 *(SORT_BY_NAME(.ctors.*))
 *(.ctors)
 *crtbegin.o(.dtors)
 *crtbegin?.o(.dtors)
 *(EXCLUDE_FILE(*crtend.o *crtend?.o) .dtors)
 *(SORT_BY_NAME(.dtors.*))
 *(.dtors)
 *(.rodata*)
 .rodata._global_impure_ptr
                0x0001fb38        0x4 c:/program files (x86)/gnu arm embedded toolchain/10 2021.10/bin/../lib/gcc/arm-none-eabi/10.3.1/../../../../arm-none-eabi/lib/thumb/v6-m/nofp\libc_nano.a(lib_a-impure.o)
                0x0001fb38                _global_impure_ptr
 .rodata.ble_fes_c_evt_handler.str1.4
                0x0001fb3c        0x9 _build/nrf51422_xxac_main.c.o
 *fill*         0x0001fb45        0x3 
 .rodata.ble_evt_dispatch.str1.4
                0x0001fb48       0x28 _build/nrf51422_xxac_main.c.o
                                 0x2c (size before relaxing)
 .rodata.ble_evt_dispatch
                0x0001fb70       0xac _build/nrf51422_xxac_main.c.o
 .rodata.main.str1.4
                0x0001fc1c       0x59 _build/nrf51422_xxac_main.c.o
 *fill*         0x0001fc75        0x3 
 .rodata        0x0001fc78        0x4 _build/nrf51422_xxac_main.c.o
 .rodata.m_connection_param
                0x0001fc7c        0x8 _build/nrf51422_xxac_main.c.o
 .rodata.m_scan_params
                0x0001fc84       0x10 _build/nrf51422_xxac_main.c.o
 .rodata.fes_host_base_uuid
                0x0001fc94       0x10 _build/nrf51422_xxac_fes_uuids.c.o
 .rodata.on_adv_report.str1.4
                0x0001fca4       0x29 _build/nrf51422_xxac_fes_ble.c.o
 *fill*         0x0001fccd        0x3 
 .rodata.highVoltageTest.str1.4
                0x0001fcd0        0xe _build/nrf51422_xxac_fes_commands.c.o
 *fill*         0x0001fcde        0x2 
 .rodata.serialNumber.str1.4
                0x0001fce0        0x3 _build/nrf51422_xxac_fes_commands.c.o
 *fill*         0x0001fce3        0x1 
 .rodata        0x0001fce4       0x20 _build/nrf51422_xxac_app_uart_fifo.c.o
 .rodata.m_board_led_list
                0x0001fd04        0x3 _build/nrf51422_xxac_boards.c.o
 *fill*         0x0001fd07        0x1 
 .rodata.__sf_fake_stderr
                0x0001fd08       0x20 c:/program files (x86)/gnu arm embedded toolchain/10 2021.10/bin/../lib/gcc/arm-none-eabi/10.3.1/../../../../arm-none-eabi/lib/thumb/v6-m/nofp\libc_nano.a(lib_a-findfp.o)
                0x0001fd08                __sf_fake_stderr
 .rodata.__sf_fake_stdin
                0x0001fd28       0x20 c:/program files (x86)/gnu arm embedded toolchain/10 2021.10/bin/../lib/gcc/arm-none-eabi/10.3.1/../../../../arm-none-eabi/lib/thumb/v6-m/nofp\libc_nano.a(lib_a-findfp.o)
                0x0001fd28                __sf_fake_stdin
 .rodata.__sf_fake_stdout
                0x0001fd48       0x20 c:/program files (x86)/gnu arm embedded toolchain/10 2021.10/bin/../lib/gcc/arm-none-eabi/10.3.1/../../../../arm-none-eabi/lib/thumb/v6-m/nofp\libc_nano.a(lib_a-findfp.o)
                0x0001fd48                __sf_fake_stdout
 .rodata._vfprintf_r.str1.1
                0x0001fd68       0x11 c:/program files (x86)/gnu arm embedded toolchain/10 2021.10/bin/../lib/gcc/arm-none-eabi/10.3.1/../../../../arm-none-eabi/lib/thumb/v6-m/nofp\libc_nano.a(lib_a-nano-vfprintf.o)
 .rodata._printf_i.str1.1
                0x0001fd79       0x22 c:/program files (x86)/gnu arm embedded toolchain/10 2021.10/bin/../lib/gcc/arm-none-eabi/10.3.1/../../../../arm-none-eabi/lib/thumb/v6-m/nofp\libc_nano.a(lib_a-nano-vfprintf_i.o)
 *(.eh_frame*)
 *fill*         0x0001fd9b        0x1 
 .eh_frame      0x0001fd9c        0x0 c:/program files (x86)/gnu arm embedded toolchain/10 2021.10/bin/../lib/gcc/arm-none-eabi/10.3.1/thumb/v6-m/nofp/crtbegin.o
 .eh_frame      0x0001fd9c        0x4 c:/program files (x86)/gnu arm embedded toolchain/10 2021.10/bin/../lib/gcc/arm-none-eabi/10.3.1/thumb/v6-m/nofp/crtend.o

.glue_7         0x0001fda0        0x0
 .glue_7        0x0001fda0        0x0 linker stubs

.glue_7t        0x0001fda0        0x0
 .glue_7t       0x0001fda0        0x0 linker stubs

.vfp11_veneer   0x0001fda0        0x0
 .vfp11_veneer  0x0001fda0        0x0 linker stubs

.v4_bx          0x0001fda0        0x0
 .v4_bx         0x0001fda0        0x0 linker stubs

.iplt           0x0001fda0        0x0
 .iplt          0x0001fda0        0x0 c:/program files (x86)/gnu arm embedded toolchain/10 2021.10/bin/../lib/gcc/arm-none-eabi/10.3.1/thumb/v6-m/nofp/crtbegin.o

.ARM.extab
 *(.ARM.extab* .gnu.linkonce.armextab.*)
                0x0001fda0                __exidx_start = .

.ARM.exidx      0x0001fda0        0x8
 *(.ARM.exidx* .gnu.linkonce.armexidx.*)
 .ARM.exidx     0x0001fda0        0x8 c:/program files (x86)/gnu arm embedded toolchain/10 2021.10/bin/../lib/gcc/arm-none-eabi/10.3.1/../../../../arm-none-eabi/lib/thumb/v6-m/nofp/crt0.o
                                 0x10 (size before relaxing)
                0x0001fda8                __exidx_end = .
                0x0001fda8                __etext = .

.rel.dyn        0x0001fda8        0x0
 .rel.iplt      0x0001fda8        0x0 c:/program files (x86)/gnu arm embedded toolchain/10 2021.10/bin/../lib/gcc/arm-none-eabi/10.3.1/thumb/v6-m/nofp/crtbegin.o

.data           0x20001eb0       0x7c load address 0x0001fda8
                0x20001eb0                __data_start__ = .
 *(vtable)
 *(.data*)
 .data._impure_ptr
                0x20001eb0        0x4 c:/program files (x86)/gnu arm embedded toolchain/10 2021.10/bin/../lib/gcc/arm-none-eabi/10.3.1/../../../../arm-none-eabi/lib/thumb/v6-m/nofp\libc_nano.a(lib_a-impure.o)
                0x20001eb0                _impure_ptr
 .data.impure_data
                0x20001eb4       0x60 c:/program files (x86)/gnu arm embedded toolchain/10 2021.10/bin/../lib/gcc/arm-none-eabi/10.3.1/../../../../arm-none-eabi/lib/thumb/v6-m/nofp\libc_nano.a(lib_a-impure.o)
 .data.fes_adv  0x20001f14        0x1 _build/nrf51422_xxac_main.c.o
                0x20001f14                fes_adv
 *fill*         0x20001f15        0x3 
 .data.app_uart_inst
                0x20001f18        0x8 _build/nrf51422_xxac_app_uart_fifo.c.o
 .data.SystemCoreClock
                0x20001f20        0x4 _build/nrf51422_xxac_system_nrf51.c.o
                0x20001f20                SystemCoreClock
                0x20001f24                . = ALIGN (0x4)
                0x20001f24                PROVIDE (__preinit_array_start = .)
 *(.preinit_array)
                0x20001f24                PROVIDE (__preinit_array_end = .)
                0x20001f24                . = ALIGN (0x4)
                0x20001f24                PROVIDE (__init_array_start = .)
 *(SORT_BY_NAME(.init_array.*))
 *(.init_array)
 .init_array    0x20001f24        0x4 c:/program files (x86)/gnu arm embedded toolchain/10 2021.10/bin/../lib/gcc/arm-none-eabi/10.3.1/thumb/v6-m/nofp/crtbegin.o
                0x20001f28                PROVIDE (__init_array_end = .)
                0x20001f28                . = ALIGN (0x4)
                [!provide]                PROVIDE (__fini_array_start = .)
 *(SORT_BY_NAME(.fini_array.*))
 *(.fini_array)
 .fini_array    0x20001f28        0x4 c:/program files (x86)/gnu arm embedded toolchain/10 2021.10/bin/../lib/gcc/arm-none-eabi/10.3.1/thumb/v6-m/nofp/crtbegin.o
                [!provide]                PROVIDE (__fini_array_end = .)
 *(.jcr*)
                0x20001f2c                . = ALIGN (0x4)
                0x20001f2c                __data_end__ = .
LOAD c:/program files (x86)/gnu arm embedded toolchain/10 2021.10/bin/../lib/gcc/arm-none-eabi/10.3.1/thumb/v6-m/nofp/crti.o
LOAD c:/program files (x86)/gnu arm embedded toolchain/10 2021.10/bin/../lib/gcc/arm-none-eabi/10.3.1/thumb/v6-m/nofp/crtbegin.o
LOAD c:/program files (x86)/gnu arm embedded toolchain/10 2021.10/bin/../lib/gcc/arm-none-eabi/10.3.1/../../../../arm-none-eabi/lib/thumb/v6-m/nofp/crt0.o
LOAD c:/program files (x86)/gnu arm embedded toolchain/10 2021.10/bin/../lib/gcc/arm-none-eabi/10.3.1/../../../../arm-none-eabi/lib/thumb/v6-m/nofp\libc_nano.a
LOAD c:/program files (x86)/gnu arm embedded toolchain/10 2021.10/bin/../lib/gcc/arm-none-eabi/10.3.1/../../../../arm-none-eabi/lib/thumb/v6-m/nofp\libnosys.a
LOAD _build/nrf51422_xxac_main.c.o
LOAD _build/nrf51422_xxac_fes_uuids.c.o
LOAD _build/nrf51422_xxac_fes_ble.c.o
LOAD _build/nrf51422_xxac_fes_commands.c.o
LOAD _build/nrf51422_xxac_nrf_log_backend_serial.c.o
LOAD _build/nrf51422_xxac_nrf_log_frontend.c.o
LOAD _build/nrf51422_xxac_app_button.c.o
LOAD _build/nrf51422_xxac_app_error.c.o
LOAD _build/nrf51422_xxac_app_error_weak.c.o
LOAD _build/nrf51422_xxac_app_fifo.c.o
LOAD _build/nrf51422_xxac_app_timer.c.o
LOAD _build/nrf51422_xxac_app_uart_fifo.c.o
LOAD _build/nrf51422_xxac_app_util_platform.c.o
LOAD _build/nrf51422_xxac_hardfault_implementation.c.o
LOAD _build/nrf51422_xxac_nrf_assert.c.o
LOAD _build/nrf51422_xxac_retarget.c.o
LOAD _build/nrf51422_xxac_sdk_errors.c.o
LOAD _build/nrf51422_xxac_boards.c.o
LOAD _build/nrf51422_xxac_nrf_drv_clock.c.o
LOAD _build/nrf51422_xxac_nrf_drv_common.c.o
LOAD _build/nrf51422_xxac_nrf_drv_gpiote.c.o
LOAD _build/nrf51422_xxac_nrf_drv_uart.c.o
LOAD _build/nrf51422_xxac_bsp.c.o
LOAD _build/nrf51422_xxac_bsp_btn_ble.c.o
LOAD _build/nrf51422_xxac_bsp_nfc.c.o
LOAD _build/nrf51422_xxac_RTT_Syscalls_GCC.c.o
LOAD _build/nrf51422_xxac_SEGGER_RTT.c.o
LOAD _build/nrf51422_xxac_SEGGER_RTT_printf.c.o
LOAD _build/nrf51422_xxac_ble_advdata.c.o
LOAD _build/nrf51422_xxac_ble_conn_params.c.o
LOAD _build/nrf51422_xxac_ble_db_discovery.c.o
LOAD _build/nrf51422_xxac_ble_srv_common.c.o
LOAD _build/nrf51422_xxac_gcc_startup_nrf51.S.o
LOAD _build/nrf51422_xxac_system_nrf51.c.o
LOAD _build/nrf51422_xxac_ble_nus_c.c.o
LOAD _build/nrf51422_xxac_softdevice_handler.c.o
LOAD c:/program files (x86)/gnu arm embedded toolchain/10 2021.10/bin/../lib/gcc/arm-none-eabi/10.3.1/../../../../arm-none-eabi/lib/thumb/v6-m/nofp\libm.a
START GROUP
LOAD c:/program files (x86)/gnu arm embedded toolchain/10 2021.10/bin/../lib/gcc/arm-none-eabi/10.3.1/thumb/v6-m/nofp\libgcc.a
LOAD c:/program files (x86)/gnu arm embedded toolchain/10 2021.10/bin/../lib/gcc/arm-none-eabi/10.3.1/../../../../arm-none-eabi/lib/thumb/v6-m/nofp\libc_nano.a
END GROUP
START GROUP
LOAD c:/program files (x86)/gnu arm embedded toolchain/10 2021.10/bin/../lib/gcc/arm-none-eabi/10.3.1/thumb/v6-m/nofp\libgcc.a
LOAD c:/program files (x86)/gnu arm embedded toolchain/10 2021.10/bin/../lib/gcc/arm-none-eabi/10.3.1/../../../../arm-none-eabi/lib/thumb/v6-m/nofp\libc_nano.a
END GROUP
LOAD c:/program files (x86)/gnu arm embedded toolchain/10 2021.10/bin/../lib/gcc/arm-none-eabi/10.3.1/thumb/v6-m/nofp/crtend.o
LOAD c:/program files (x86)/gnu arm embedded toolchain/10 2021.10/bin/../lib/gcc/arm-none-eabi/10.3.1/thumb/v6-m/nofp/crtn.o
START GROUP
LOAD c:/program files (x86)/gnu arm embedded toolchain/10 2021.10/bin/../lib/gcc/arm-none-eabi/10.3.1/thumb/v6-m/nofp\libgcc.a
LOAD c:/program files (x86)/gnu arm embedded toolchain/10 2021.10/bin/../lib/gcc/arm-none-eabi/10.3.1/../../../../arm-none-eabi/lib/thumb/v6-m/nofp\libc.a
LOAD c:/program files (x86)/gnu arm embedded toolchain/10 2021.10/bin/../lib/gcc/arm-none-eabi/10.3.1/../../../../arm-none-eabi/lib/thumb/v6-m/nofp\libnosys.a
END GROUP

.igot.plt       0x20001f2c        0x0 load address 0x0001fe24
 .igot.plt      0x20001f2c        0x0 c:/program files (x86)/gnu arm embedded toolchain/10 2021.10/bin/../lib/gcc/arm-none-eabi/10.3.1/thumb/v6-m/nofp/crtbegin.o

.fs_data        0x20001f2c        0x0
                [!provide]                PROVIDE (__start_fs_data = .)
 *(.fs_data)
                [!provide]                PROVIDE (__stop_fs_data = .)

.pwr_mgmt_data  0x20001f2c        0x0
                [!provide]                PROVIDE (__start_pwr_mgmt_data = .)
 *(.pwr_mgmt_data)
                [!provide]                PROVIDE (__stop_pwr_mgmt_data = .)

.bss            0x20001f30      0x9b8 load address 0x0001fe28
                0x20001f30                . = ALIGN (0x4)
                0x20001f30                __bss_start__ = .
 *(.bss*)
 .bss           0x20001f30       0x1c c:/program files (x86)/gnu arm embedded toolchain/10 2021.10/bin/../lib/gcc/arm-none-eabi/10.3.1/thumb/v6-m/nofp/crtbegin.o
 .bss.APP_TIMER_BUF.4
                0x20001f4c       0x48 _build/nrf51422_xxac_main.c.o
 .bss.BLE_EVT_BUFFER.1
                0x20001f94       0x48 _build/nrf51422_xxac_main.c.o
 .bss.Clients   0x20001fdc       0xb6 _build/nrf51422_xxac_main.c.o
                0x20001fdc                Clients
 *fill*         0x20002092        0x2 
 .bss.buffer    0x20002094       0x14 _build/nrf51422_xxac_main.c.o
                0x20002094                buffer
 .bss.fes_chosen
                0x200020a8       0x14 _build/nrf51422_xxac_main.c.o
 .bss.index     0x200020bc        0x1 _build/nrf51422_xxac_main.c.o
                0x200020bc                index
 *fill*         0x200020bd        0x3 
 .bss.m_ble_db_discovery
                0x200020c0      0x260 _build/nrf51422_xxac_main.c.o
 .bss.m_ble_fes_c
                0x20002320       0x10 _build/nrf51422_xxac_main.c.o
                0x20002320                m_ble_fes_c
 .bss.rx_buf    0x20002330        0x1 _build/nrf51422_xxac_main.c.o
                0x20002330                rx_buf
 *fill*         0x20002331        0x3 
 .bss.rx_buf.3  0x20002334      0x100 _build/nrf51422_xxac_main.c.o
 .bss.scan_already.0
                0x20002434        0x1 _build/nrf51422_xxac_main.c.o
 .bss.selected_device
                0x20002435        0x1 _build/nrf51422_xxac_main.c.o
                0x20002435                selected_device
 .bss.state_fes
                0x20002436        0x1 _build/nrf51422_xxac_main.c.o
                0x20002436                state_fes
 .bss.state_test
                0x20002437        0x1 _build/nrf51422_xxac_main.c.o
                0x20002437                state_test
 .bss.tx_buf.2  0x20002438      0x100 _build/nrf51422_xxac_main.c.o
 .bss.m_evt_schedule_func
                0x20002538        0x4 _build/nrf51422_xxac_app_timer.c.o
 .bss.m_op_queue
                0x2000253c        0x8 _build/nrf51422_xxac_app_timer.c.o
 .bss.m_rtc1_reset
                0x20002544        0x1 _build/nrf51422_xxac_app_timer.c.o
 .bss.m_rtc1_running
                0x20002545        0x1 _build/nrf51422_xxac_app_timer.c.o
 *fill*         0x20002546        0x2 
 .bss.m_ticks_elapsed
                0x20002548        0x8 _build/nrf51422_xxac_app_timer.c.o
 .bss.m_ticks_elapsed_q_read_ind
                0x20002550        0x1 _build/nrf51422_xxac_app_timer.c.o
 .bss.m_ticks_elapsed_q_write_ind
                0x20002551        0x1 _build/nrf51422_xxac_app_timer.c.o
 *fill*         0x20002552        0x2 
 .bss.m_ticks_latest
                0x20002554        0x4 _build/nrf51422_xxac_app_timer.c.o
 .bss.mp_timer_id_head
                0x20002558        0x4 _build/nrf51422_xxac_app_timer.c.o
 .bss.m_event_handler
                0x2000255c        0x4 _build/nrf51422_xxac_app_uart_fifo.c.o
 .bss.m_rx_fifo
                0x20002560       0x10 _build/nrf51422_xxac_app_uart_fifo.c.o
 .bss.m_rx_ovf  0x20002570        0x1 _build/nrf51422_xxac_app_uart_fifo.c.o
 *fill*         0x20002571        0x3 
 .bss.m_tx_fifo
                0x20002574       0x10 _build/nrf51422_xxac_app_uart_fifo.c.o
 .bss.rx_buffer
                0x20002584        0x1 _build/nrf51422_xxac_app_uart_fifo.c.o
 *fill*         0x20002585        0x3 
 .bss.tx_buffer
                0x20002588        0x1 _build/nrf51422_xxac_app_uart_fifo.c.o
 *fill*         0x20002589        0x3 
 .bss.nrf_nvic_state
                0x2000258c        0x8 _build/nrf51422_xxac_app_util_platform.c.o
                0x2000258c                nrf_nvic_state
 .bss.m_clock_cb
                0x20002594       0x14 _build/nrf51422_xxac_nrf_drv_clock.c.o
 .bss.m_cb      0x200025a8       0x48 _build/nrf51422_xxac_nrf_drv_gpiote.c.o
 .bss.m_cb      0x200025f0       0x1c _build/nrf51422_xxac_nrf_drv_uart.c.o
 .bss.m_evt_handler
                0x2000260c        0x4 _build/nrf51422_xxac_ble_db_discovery.c.o
 .bss.m_initialized
                0x20002610        0x1 _build/nrf51422_xxac_ble_db_discovery.c.o
 *fill*         0x20002611        0x3 
 .bss.m_num_of_handlers_reg
                0x20002614        0x4 _build/nrf51422_xxac_ble_db_discovery.c.o
 .bss.m_pending_user_evts
                0x20002618      0x288 _build/nrf51422_xxac_ble_db_discovery.c.o
 .bss.m_pending_usr_evt_index
                0x200028a0        0x4 _build/nrf51422_xxac_ble_db_discovery.c.o
 .bss.m_registered_handlers
                0x200028a4       0x18 _build/nrf51422_xxac_ble_db_discovery.c.o
 .bss.m_ble_evt_buffer_size
                0x200028bc        0x2 _build/nrf51422_xxac_softdevice_handler.c.o
 *fill*         0x200028be        0x2 
 .bss.m_ble_evt_handler
                0x200028c0        0x4 _build/nrf51422_xxac_softdevice_handler.c.o
 .bss.m_evt_schedule_func
                0x200028c4        0x4 _build/nrf51422_xxac_softdevice_handler.c.o
 .bss.m_softdevice_enabled
                0x200028c8        0x1 _build/nrf51422_xxac_softdevice_handler.c.o
 .bss.m_suspended
                0x200028c9        0x1 _build/nrf51422_xxac_softdevice_handler.c.o
 *fill*         0x200028ca        0x2 
 .bss.m_sys_evt_handler
                0x200028cc        0x4 _build/nrf51422_xxac_softdevice_handler.c.o
 .bss.mp_ble_evt_buffer
                0x200028d0        0x4 _build/nrf51422_xxac_softdevice_handler.c.o
 .bss.__lock___malloc_recursive_mutex
                0x200028d4        0x1 c:/program files (x86)/gnu arm embedded toolchain/10 2021.10/bin/../lib/gcc/arm-none-eabi/10.3.1/../../../../arm-none-eabi/lib/thumb/v6-m/nofp\libc_nano.a(lib_a-lock.o)
                0x200028d4                __lock___malloc_recursive_mutex
 .bss.__lock___sfp_recursive_mutex
                0x200028d5        0x1 c:/program files (x86)/gnu arm embedded toolchain/10 2021.10/bin/../lib/gcc/arm-none-eabi/10.3.1/../../../../arm-none-eabi/lib/thumb/v6-m/nofp\libc_nano.a(lib_a-lock.o)
                0x200028d5                __lock___sfp_recursive_mutex
 .bss.__lock___sinit_recursive_mutex
                0x200028d6        0x1 c:/program files (x86)/gnu arm embedded toolchain/10 2021.10/bin/../lib/gcc/arm-none-eabi/10.3.1/../../../../arm-none-eabi/lib/thumb/v6-m/nofp\libc_nano.a(lib_a-lock.o)
                0x200028d6                __lock___sinit_recursive_mutex
 *fill*         0x200028d7        0x1 
 .bss.__malloc_free_list
                0x200028d8        0x4 c:/program files (x86)/gnu arm embedded toolchain/10 2021.10/bin/../lib/gcc/arm-none-eabi/10.3.1/../../../../arm-none-eabi/lib/thumb/v6-m/nofp\libc_nano.a(lib_a-nano-mallocr.o)
                0x200028d8                __malloc_free_list
 .bss.__malloc_sbrk_start
                0x200028dc        0x4 c:/program files (x86)/gnu arm embedded toolchain/10 2021.10/bin/../lib/gcc/arm-none-eabi/10.3.1/../../../../arm-none-eabi/lib/thumb/v6-m/nofp\libc_nano.a(lib_a-nano-mallocr.o)
                0x200028dc                __malloc_sbrk_start
 .bss.errno     0x200028e0        0x4 c:/program files (x86)/gnu arm embedded toolchain/10 2021.10/bin/../lib/gcc/arm-none-eabi/10.3.1/../../../../arm-none-eabi/lib/thumb/v6-m/nofp\libc_nano.a(lib_a-reent.o)
                0x200028e0                errno
 .bss.heap_end.0
                0x200028e4        0x4 c:/program files (x86)/gnu arm embedded toolchain/10 2021.10/bin/../lib/gcc/arm-none-eabi/10.3.1/../../../../arm-none-eabi/lib/thumb/v6-m/nofp\libnosys.a(sbrk.o)
 *(COMMON)
                0x200028e8                . = ALIGN (0x4)
                0x200028e8                __bss_end__ = .

.heap           0x200028e8        0x0
                0x200028e8                __HeapBase = .
                0x200028e8                __end__ = .
                0x200028e8                PROVIDE (end = .)
 *(.heap*)
 .heap          0x200028e8        0x0 _build/nrf51422_xxac_gcc_startup_nrf51.S.o
                0x200028e8                __HeapLimit = .

.stack_dummy    0x200028e8      0x800
 *(.stack*)
 .stack         0x200028e8      0x800 _build/nrf51422_xxac_gcc_startup_nrf51.S.o
                0x20008000                __StackTop = (ORIGIN (RAM) + LENGTH (RAM))
                0x20007800                __StackLimit = (__StackTop - SIZEOF (.stack_dummy))
                0x20008000                PROVIDE (__stack = __StackTop)
                0x00000001                ASSERT ((__StackLimit >= __HeapLimit), region RAM overflowed with stack)
OUTPUT(_build/nrf51422_xxac.out elf32-littlearm)
LOAD linker stubs

.ARM.attributes
                0x00000000       0x28
 .ARM.attributes
                0x00000000       0x1e c:/program files (x86)/gnu arm embedded toolchain/10 2021.10/bin/../lib/gcc/arm-none-eabi/10.3.1/thumb/v6-m/nofp/crti.o
 .ARM.attributes
                0x0000001e       0x2c c:/program files (x86)/gnu arm embedded toolchain/10 2021.10/bin/../lib/gcc/arm-none-eabi/10.3.1/thumb/v6-m/nofp/crtbegin.o
 .ARM.attributes
                0x0000004a       0x1b c:/program files (x86)/gnu arm embedded toolchain/10 2021.10/bin/../lib/gcc/arm-none-eabi/10.3.1/../../../../arm-none-eabi/lib/thumb/v6-m/nofp/crt0.o
 .ARM.attributes
                0x00000065       0x2c c:/program files (x86)/gnu arm embedded toolchain/10 2021.10/bin/../lib/gcc/arm-none-eabi/10.3.1/../../../../arm-none-eabi/lib/thumb/v6-m/nofp\libc_nano.a(lib_a-exit.o)
 .ARM.attributes
                0x00000091       0x2c c:/program files (x86)/gnu arm embedded toolchain/10 2021.10/bin/../lib/gcc/arm-none-eabi/10.3.1/../../../../arm-none-eabi/lib/thumb/v6-m/nofp\libc_nano.a(lib_a-impure.o)
 .ARM.attributes
                0x000000bd       0x2c c:/program files (x86)/gnu arm embedded toolchain/10 2021.10/bin/../lib/gcc/arm-none-eabi/10.3.1/../../../../arm-none-eabi/lib/thumb/v6-m/nofp\libc_nano.a(lib_a-init.o)
 .ARM.attributes
                0x000000e9       0x2c c:/program files (x86)/gnu arm embedded toolchain/10 2021.10/bin/../lib/gcc/arm-none-eabi/10.3.1/../../../../arm-none-eabi/lib/thumb/v6-m/nofp\libc_nano.a(lib_a-memset.o)
 .ARM.attributes
                0x00000115       0x2c c:/program files (x86)/gnu arm embedded toolchain/10 2021.10/bin/../lib/gcc/arm-none-eabi/10.3.1/../../../../arm-none-eabi/lib/thumb/v6-m/nofp\libnosys.a(_exit.o)
 .ARM.attributes
                0x00000141       0x2c _build/nrf51422_xxac_main.c.o
 .ARM.attributes
                0x0000016d       0x2c _build/nrf51422_xxac_fes_uuids.c.o
 .ARM.attributes
                0x00000199       0x2c _build/nrf51422_xxac_fes_ble.c.o
 .ARM.attributes
                0x000001c5       0x2c _build/nrf51422_xxac_fes_commands.c.o
 .ARM.attributes
                0x000001f1       0x2c _build/nrf51422_xxac_app_error.c.o
 .ARM.attributes
                0x0000021d       0x2c _build/nrf51422_xxac_app_error_weak.c.o
 .ARM.attributes
                0x00000249       0x2c _build/nrf51422_xxac_app_fifo.c.o
 .ARM.attributes
                0x00000275       0x2c _build/nrf51422_xxac_app_timer.c.o
 .ARM.attributes
                0x000002a1       0x2c _build/nrf51422_xxac_app_uart_fifo.c.o
 .ARM.attributes
                0x000002cd       0x2c _build/nrf51422_xxac_app_util_platform.c.o
 .ARM.attributes
                0x000002f9       0x2c _build/nrf51422_xxac_retarget.c.o
 .ARM.attributes
                0x00000325       0x2c _build/nrf51422_xxac_boards.c.o
 .ARM.attributes
                0x00000351       0x2c _build/nrf51422_xxac_nrf_drv_clock.c.o
 .ARM.attributes
                0x0000037d       0x2c _build/nrf51422_xxac_nrf_drv_common.c.o
 .ARM.attributes
                0x000003a9       0x2c _build/nrf51422_xxac_nrf_drv_gpiote.c.o
 .ARM.attributes
                0x000003d5       0x2c _build/nrf51422_xxac_nrf_drv_uart.c.o
 .ARM.attributes
                0x00000401       0x2c _build/nrf51422_xxac_ble_db_discovery.c.o
 .ARM.attributes
                0x0000042d       0x1b _build/nrf51422_xxac_gcc_startup_nrf51.S.o
 .ARM.attributes
                0x00000448       0x2c _build/nrf51422_xxac_system_nrf51.c.o
 .ARM.attributes
                0x00000474       0x2c _build/nrf51422_xxac_softdevice_handler.c.o
 .ARM.attributes
                0x000004a0       0x1e c:/program files (x86)/gnu arm embedded toolchain/10 2021.10/bin/../lib/gcc/arm-none-eabi/10.3.1/thumb/v6-m/nofp\libgcc.a(_udivsi3.o)
 .ARM.attributes
                0x000004be       0x1e c:/program files (x86)/gnu arm embedded toolchain/10 2021.10/bin/../lib/gcc/arm-none-eabi/10.3.1/thumb/v6-m/nofp\libgcc.a(_dvmd_tls.o)
 .ARM.attributes
                0x000004dc       0x2c c:/program files (x86)/gnu arm embedded toolchain/10 2021.10/bin/../lib/gcc/arm-none-eabi/10.3.1/../../../../arm-none-eabi/lib/thumb/v6-m/nofp\libc_nano.a(lib_a-memcpy-stub.o)
 .ARM.attributes
                0x00000508       0x2c c:/program files (x86)/gnu arm embedded toolchain/10 2021.10/bin/../lib/gcc/arm-none-eabi/10.3.1/../../../../arm-none-eabi/lib/thumb/v6-m/nofp\libc_nano.a(lib_a-printf.o)
 .ARM.attributes
                0x00000534       0x1c c:/program files (x86)/gnu arm embedded toolchain/10 2021.10/bin/../lib/gcc/arm-none-eabi/10.3.1/../../../../arm-none-eabi/lib/thumb/v6-m/nofp\libc_nano.a(lib_a-strlen.o)
 .ARM.attributes
                0x00000550       0x2c c:/program files (x86)/gnu arm embedded toolchain/10 2021.10/bin/../lib/gcc/arm-none-eabi/10.3.1/../../../../arm-none-eabi/lib/thumb/v6-m/nofp\libc_nano.a(lib_a-findfp.o)
 .ARM.attributes
                0x0000057c       0x2c c:/program files (x86)/gnu arm embedded toolchain/10 2021.10/bin/../lib/gcc/arm-none-eabi/10.3.1/../../../../arm-none-eabi/lib/thumb/v6-m/nofp\libc_nano.a(lib_a-fwalk.o)
 .ARM.attributes
                0x000005a8       0x2c c:/program files (x86)/gnu arm embedded toolchain/10 2021.10/bin/../lib/gcc/arm-none-eabi/10.3.1/../../../../arm-none-eabi/lib/thumb/v6-m/nofp\libc_nano.a(lib_a-lock.o)
 .ARM.attributes
                0x000005d4       0x2c c:/program files (x86)/gnu arm embedded toolchain/10 2021.10/bin/../lib/gcc/arm-none-eabi/10.3.1/../../../../arm-none-eabi/lib/thumb/v6-m/nofp\libc_nano.a(lib_a-nano-mallocr.o)
 .ARM.attributes
                0x00000600       0x2c c:/program files (x86)/gnu arm embedded toolchain/10 2021.10/bin/../lib/gcc/arm-none-eabi/10.3.1/../../../../arm-none-eabi/lib/thumb/v6-m/nofp\libc_nano.a(lib_a-nano-vfprintf.o)
 .ARM.attributes
                0x0000062c       0x2c c:/program files (x86)/gnu arm embedded toolchain/10 2021.10/bin/../lib/gcc/arm-none-eabi/10.3.1/../../../../arm-none-eabi/lib/thumb/v6-m/nofp\libc_nano.a(lib_a-nano-vfprintf_i.o)
 .ARM.attributes
                0x00000658       0x2c c:/program files (x86)/gnu arm embedded toolchain/10 2021.10/bin/../lib/gcc/arm-none-eabi/10.3.1/../../../../arm-none-eabi/lib/thumb/v6-m/nofp\libc_nano.a(lib_a-sbrkr.o)
 .ARM.attributes
                0x00000684       0x2c c:/program files (x86)/gnu arm embedded toolchain/10 2021.10/bin/../lib/gcc/arm-none-eabi/10.3.1/../../../../arm-none-eabi/lib/thumb/v6-m/nofp\libc_nano.a(lib_a-stdio.o)
 .ARM.attributes
                0x000006b0       0x2c c:/program files (x86)/gnu arm embedded toolchain/10 2021.10/bin/../lib/gcc/arm-none-eabi/10.3.1/../../../../arm-none-eabi/lib/thumb/v6-m/nofp\libc_nano.a(lib_a-wbuf.o)
 .ARM.attributes
                0x000006dc       0x2c c:/program files (x86)/gnu arm embedded toolchain/10 2021.10/bin/../lib/gcc/arm-none-eabi/10.3.1/../../../../arm-none-eabi/lib/thumb/v6-m/nofp\libc_nano.a(lib_a-writer.o)
 .ARM.attributes
                0x00000708       0x2c c:/program files (x86)/gnu arm embedded toolchain/10 2021.10/bin/../lib/gcc/arm-none-eabi/10.3.1/../../../../arm-none-eabi/lib/thumb/v6-m/nofp\libc_nano.a(lib_a-wsetup.o)
 .ARM.attributes
                0x00000734       0x2c c:/program files (x86)/gnu arm embedded toolchain/10 2021.10/bin/../lib/gcc/arm-none-eabi/10.3.1/../../../../arm-none-eabi/lib/thumb/v6-m/nofp\libc_nano.a(lib_a-closer.o)
 .ARM.attributes
                0x00000760       0x2c c:/program files (x86)/gnu arm embedded toolchain/10 2021.10/bin/../lib/gcc/arm-none-eabi/10.3.1/../../../../arm-none-eabi/lib/thumb/v6-m/nofp\libc_nano.a(lib_a-fflush.o)
 .ARM.attributes
                0x0000078c       0x2c c:/program files (x86)/gnu arm embedded toolchain/10 2021.10/bin/../lib/gcc/arm-none-eabi/10.3.1/../../../../arm-none-eabi/lib/thumb/v6-m/nofp\libc_nano.a(lib_a-lseekr.o)
 .ARM.attributes
                0x000007b8       0x2c c:/program files (x86)/gnu arm embedded toolchain/10 2021.10/bin/../lib/gcc/arm-none-eabi/10.3.1/../../../../arm-none-eabi/lib/thumb/v6-m/nofp\libc_nano.a(lib_a-makebuf.o)
 .ARM.attributes
                0x000007e4       0x2c c:/program files (x86)/gnu arm embedded toolchain/10 2021.10/bin/../lib/gcc/arm-none-eabi/10.3.1/../../../../arm-none-eabi/lib/thumb/v6-m/nofp\libc_nano.a(lib_a-memchr-stub.o)
 .ARM.attributes
                0x00000810       0x2c c:/program files (x86)/gnu arm embedded toolchain/10 2021.10/bin/../lib/gcc/arm-none-eabi/10.3.1/../../../../arm-none-eabi/lib/thumb/v6-m/nofp\libc_nano.a(lib_a-mlock.o)
 .ARM.attributes
                0x0000083c       0x2c c:/program files (x86)/gnu arm embedded toolchain/10 2021.10/bin/../lib/gcc/arm-none-eabi/10.3.1/../../../../arm-none-eabi/lib/thumb/v6-m/nofp\libc_nano.a(lib_a-nano-freer.o)
 .ARM.attributes
                0x00000868       0x2c c:/program files (x86)/gnu arm embedded toolchain/10 2021.10/bin/../lib/gcc/arm-none-eabi/10.3.1/../../../../arm-none-eabi/lib/thumb/v6-m/nofp\libc_nano.a(lib_a-readr.o)
 .ARM.attributes
                0x00000894       0x2c c:/program files (x86)/gnu arm embedded toolchain/10 2021.10/bin/../lib/gcc/arm-none-eabi/10.3.1/../../../../arm-none-eabi/lib/thumb/v6-m/nofp\libc_nano.a(lib_a-reent.o)
 .ARM.attributes
                0x000008c0       0x2c c:/program files (x86)/gnu arm embedded toolchain/10 2021.10/bin/../lib/gcc/arm-none-eabi/10.3.1/../../../../arm-none-eabi/lib/thumb/v6-m/nofp\libc_nano.a(lib_a-fstatr.o)
 .ARM.attributes
                0x000008ec       0x2c c:/program files (x86)/gnu arm embedded toolchain/10 2021.10/bin/../lib/gcc/arm-none-eabi/10.3.1/../../../../arm-none-eabi/lib/thumb/v6-m/nofp\libc_nano.a(lib_a-isattyr.o)
 .ARM.attributes
                0x00000918       0x1e c:/program files (x86)/gnu arm embedded toolchain/10 2021.10/bin/../lib/gcc/arm-none-eabi/10.3.1/thumb/v6-m/nofp\libgcc.a(_thumb1_case_shi.o)
 .ARM.attributes
                0x00000936       0x2c c:/program files (x86)/gnu arm embedded toolchain/10 2021.10/bin/../lib/gcc/arm-none-eabi/10.3.1/thumb/v6-m/nofp/crtend.o
 .ARM.attributes
                0x00000962       0x1e c:/program files (x86)/gnu arm embedded toolchain/10 2021.10/bin/../lib/gcc/arm-none-eabi/10.3.1/thumb/v6-m/nofp/crtn.o
 .ARM.attributes
                0x00000980       0x2c c:/program files (x86)/gnu arm embedded toolchain/10 2021.10/bin/../lib/gcc/arm-none-eabi/10.3.1/../../../../arm-none-eabi/lib/thumb/v6-m/nofp\libnosys.a(close.o)
 .ARM.attributes
                0x000009ac       0x2c c:/program files (x86)/gnu arm embedded toolchain/10 2021.10/bin/../lib/gcc/arm-none-eabi/10.3.1/../../../../arm-none-eabi/lib/thumb/v6-m/nofp\libnosys.a(fstat.o)
 .ARM.attributes
                0x000009d8       0x2c c:/program files (x86)/gnu arm embedded toolchain/10 2021.10/bin/../lib/gcc/arm-none-eabi/10.3.1/../../../../arm-none-eabi/lib/thumb/v6-m/nofp\libnosys.a(isatty.o)
 .ARM.attributes
                0x00000a04       0x2c c:/program files (x86)/gnu arm embedded toolchain/10 2021.10/bin/../lib/gcc/arm-none-eabi/10.3.1/../../../../arm-none-eabi/lib/thumb/v6-m/nofp\libnosys.a(lseek.o)
 .ARM.attributes
                0x00000a30       0x2c c:/program files (x86)/gnu arm embedded toolchain/10 2021.10/bin/../lib/gcc/arm-none-eabi/10.3.1/../../../../arm-none-eabi/lib/thumb/v6-m/nofp\libnosys.a(sbrk.o)

.comment        0x00000000       0x49
 .comment       0x00000000       0x49 _build/nrf51422_xxac_main.c.o
                                 0x4a (size before relaxing)
 .comment       0x00000049       0x4a _build/nrf51422_xxac_fes_uuids.c.o
 .comment       0x00000049       0x4a _build/nrf51422_xxac_fes_ble.c.o
 .comment       0x00000049       0x4a _build/nrf51422_xxac_fes_commands.c.o
 .comment       0x00000049       0x4a _build/nrf51422_xxac_app_error.c.o
 .comment       0x00000049       0x4a _build/nrf51422_xxac_app_error_weak.c.o
 .comment       0x00000049       0x4a _build/nrf51422_xxac_app_fifo.c.o
 .comment       0x00000049       0x4a _build/nrf51422_xxac_app_timer.c.o
 .comment       0x00000049       0x4a _build/nrf51422_xxac_app_uart_fifo.c.o
 .comment       0x00000049       0x4a _build/nrf51422_xxac_app_util_platform.c.o
 .comment       0x00000049       0x4a _build/nrf51422_xxac_retarget.c.o
 .comment       0x00000049       0x4a _build/nrf51422_xxac_boards.c.o
 .comment       0x00000049       0x4a _build/nrf51422_xxac_nrf_drv_clock.c.o
 .comment       0x00000049       0x4a _build/nrf51422_xxac_nrf_drv_common.c.o
 .comment       0x00000049       0x4a _build/nrf51422_xxac_nrf_drv_gpiote.c.o
 .comment       0x00000049       0x4a _build/nrf51422_xxac_nrf_drv_uart.c.o
 .comment       0x00000049       0x4a _build/nrf51422_xxac_ble_db_discovery.c.o
 .comment       0x00000049       0x4a _build/nrf51422_xxac_system_nrf51.c.o
 .comment       0x00000049       0x4a _build/nrf51422_xxac_softdevice_handler.c.o

.debug_frame    0x00000000     0x19a8
 .debug_frame   0x00000000       0x28 c:/program files (x86)/gnu arm embedded toolchain/10 2021.10/bin/../lib/gcc/arm-none-eabi/10.3.1/../../../../arm-none-eabi/lib/thumb/v6-m/nofp\libc_nano.a(lib_a-exit.o)
 .debug_frame   0x00000028       0x2c c:/program files (x86)/gnu arm embedded toolchain/10 2021.10/bin/../lib/gcc/arm-none-eabi/10.3.1/../../../../arm-none-eabi/lib/thumb/v6-m/nofp\libc_nano.a(lib_a-init.o)
 .debug_frame   0x00000054       0x20 c:/program files (x86)/gnu arm embedded toolchain/10 2021.10/bin/../lib/gcc/arm-none-eabi/10.3.1/../../../../arm-none-eabi/lib/thumb/v6-m/nofp\libc_nano.a(lib_a-memset.o)
 .debug_frame   0x00000074       0x20 c:/program files (x86)/gnu arm embedded toolchain/10 2021.10/bin/../lib/gcc/arm-none-eabi/10.3.1/../../../../arm-none-eabi/lib/thumb/v6-m/nofp\libnosys.a(_exit.o)
 .debug_frame   0x00000094      0x150 _build/nrf51422_xxac_main.c.o
 .debug_frame   0x000001e4       0x3c _build/nrf51422_xxac_fes_uuids.c.o
 .debug_frame   0x00000220      0x184 _build/nrf51422_xxac_fes_ble.c.o
 .debug_frame   0x000003a4       0x48 _build/nrf51422_xxac_fes_commands.c.o
 .debug_frame   0x000003ec       0x5c _build/nrf51422_xxac_app_error.c.o
 .debug_frame   0x00000448       0x20 _build/nrf51422_xxac_app_error_weak.c.o
 .debug_frame   0x00000468       0xb4 _build/nrf51422_xxac_app_fifo.c.o
 .debug_frame   0x0000051c      0x118 _build/nrf51422_xxac_app_timer.c.o
 .debug_frame   0x00000634       0xb8 _build/nrf51422_xxac_app_uart_fifo.c.o
 .debug_frame   0x000006ec       0x68 _build/nrf51422_xxac_app_util_platform.c.o
 .debug_frame   0x00000754       0x44 _build/nrf51422_xxac_retarget.c.o
 .debug_frame   0x00000798       0xe8 _build/nrf51422_xxac_boards.c.o
 .debug_frame   0x00000880      0x1bc _build/nrf51422_xxac_nrf_drv_clock.c.o
 .debug_frame   0x00000a3c       0x40 _build/nrf51422_xxac_nrf_drv_common.c.o
 .debug_frame   0x00000a7c      0x200 _build/nrf51422_xxac_nrf_drv_gpiote.c.o
 .debug_frame   0x00000c7c      0x14c _build/nrf51422_xxac_nrf_drv_uart.c.o
 .debug_frame   0x00000dc8      0x140 _build/nrf51422_xxac_ble_db_discovery.c.o
 .debug_frame   0x00000f08       0x30 _build/nrf51422_xxac_system_nrf51.c.o
 .debug_frame   0x00000f38      0x1b8 _build/nrf51422_xxac_softdevice_handler.c.o
 .debug_frame   0x000010f0       0x20 c:/program files (x86)/gnu arm embedded toolchain/10 2021.10/bin/../lib/gcc/arm-none-eabi/10.3.1/thumb/v6-m/nofp\libgcc.a(_udivsi3.o)
 .debug_frame   0x00001110       0x28 c:/program files (x86)/gnu arm embedded toolchain/10 2021.10/bin/../lib/gcc/arm-none-eabi/10.3.1/../../../../arm-none-eabi/lib/thumb/v6-m/nofp\libc_nano.a(lib_a-memcpy-stub.o)
 .debug_frame   0x00001138       0x50 c:/program files (x86)/gnu arm embedded toolchain/10 2021.10/bin/../lib/gcc/arm-none-eabi/10.3.1/../../../../arm-none-eabi/lib/thumb/v6-m/nofp\libc_nano.a(lib_a-printf.o)
 .debug_frame   0x00001188      0x170 c:/program files (x86)/gnu arm embedded toolchain/10 2021.10/bin/../lib/gcc/arm-none-eabi/10.3.1/../../../../arm-none-eabi/lib/thumb/v6-m/nofp\libc_nano.a(lib_a-findfp.o)
 .debug_frame   0x000012f8       0x58 c:/program files (x86)/gnu arm embedded toolchain/10 2021.10/bin/../lib/gcc/arm-none-eabi/10.3.1/../../../../arm-none-eabi/lib/thumb/v6-m/nofp\libc_nano.a(lib_a-fwalk.o)
 .debug_frame   0x00001350       0xb0 c:/program files (x86)/gnu arm embedded toolchain/10 2021.10/bin/../lib/gcc/arm-none-eabi/10.3.1/../../../../arm-none-eabi/lib/thumb/v6-m/nofp\libc_nano.a(lib_a-lock.o)
 .debug_frame   0x00001400       0x50 c:/program files (x86)/gnu arm embedded toolchain/10 2021.10/bin/../lib/gcc/arm-none-eabi/10.3.1/../../../../arm-none-eabi/lib/thumb/v6-m/nofp\libc_nano.a(lib_a-nano-mallocr.o)
 .debug_frame   0x00001450       0x9c c:/program files (x86)/gnu arm embedded toolchain/10 2021.10/bin/../lib/gcc/arm-none-eabi/10.3.1/../../../../arm-none-eabi/lib/thumb/v6-m/nofp\libc_nano.a(lib_a-nano-vfprintf.o)
 .debug_frame   0x000014ec       0x54 c:/program files (x86)/gnu arm embedded toolchain/10 2021.10/bin/../lib/gcc/arm-none-eabi/10.3.1/../../../../arm-none-eabi/lib/thumb/v6-m/nofp\libc_nano.a(lib_a-nano-vfprintf_i.o)
 .debug_frame   0x00001540       0x2c c:/program files (x86)/gnu arm embedded toolchain/10 2021.10/bin/../lib/gcc/arm-none-eabi/10.3.1/../../../../arm-none-eabi/lib/thumb/v6-m/nofp\libc_nano.a(lib_a-sbrkr.o)
 .debug_frame   0x0000156c       0x90 c:/program files (x86)/gnu arm embedded toolchain/10 2021.10/bin/../lib/gcc/arm-none-eabi/10.3.1/../../../../arm-none-eabi/lib/thumb/v6-m/nofp\libc_nano.a(lib_a-stdio.o)
 .debug_frame   0x000015fc       0x48 c:/program files (x86)/gnu arm embedded toolchain/10 2021.10/bin/../lib/gcc/arm-none-eabi/10.3.1/../../../../arm-none-eabi/lib/thumb/v6-m/nofp\libc_nano.a(lib_a-wbuf.o)
 .debug_frame   0x00001644       0x2c c:/program files (x86)/gnu arm embedded toolchain/10 2021.10/bin/../lib/gcc/arm-none-eabi/10.3.1/../../../../arm-none-eabi/lib/thumb/v6-m/nofp\libc_nano.a(lib_a-writer.o)
 .debug_frame   0x00001670       0x2c c:/program files (x86)/gnu arm embedded toolchain/10 2021.10/bin/../lib/gcc/arm-none-eabi/10.3.1/../../../../arm-none-eabi/lib/thumb/v6-m/nofp\libc_nano.a(lib_a-wsetup.o)
 .debug_frame   0x0000169c       0x2c c:/program files (x86)/gnu arm embedded toolchain/10 2021.10/bin/../lib/gcc/arm-none-eabi/10.3.1/../../../../arm-none-eabi/lib/thumb/v6-m/nofp\libc_nano.a(lib_a-closer.o)
 .debug_frame   0x000016c8       0x68 c:/program files (x86)/gnu arm embedded toolchain/10 2021.10/bin/../lib/gcc/arm-none-eabi/10.3.1/../../../../arm-none-eabi/lib/thumb/v6-m/nofp\libc_nano.a(lib_a-fflush.o)
 .debug_frame   0x00001730       0x2c c:/program files (x86)/gnu arm embedded toolchain/10 2021.10/bin/../lib/gcc/arm-none-eabi/10.3.1/../../../../arm-none-eabi/lib/thumb/v6-m/nofp\libc_nano.a(lib_a-lseekr.o)
 .debug_frame   0x0000175c       0x54 c:/program files (x86)/gnu arm embedded toolchain/10 2021.10/bin/../lib/gcc/arm-none-eabi/10.3.1/../../../../arm-none-eabi/lib/thumb/v6-m/nofp\libc_nano.a(lib_a-makebuf.o)
 .debug_frame   0x000017b0       0x20 c:/program files (x86)/gnu arm embedded toolchain/10 2021.10/bin/../lib/gcc/arm-none-eabi/10.3.1/../../../../arm-none-eabi/lib/thumb/v6-m/nofp\libc_nano.a(lib_a-memchr-stub.o)
 .debug_frame   0x000017d0       0x40 c:/program files (x86)/gnu arm embedded toolchain/10 2021.10/bin/../lib/gcc/arm-none-eabi/10.3.1/../../../../arm-none-eabi/lib/thumb/v6-m/nofp\libc_nano.a(lib_a-mlock.o)
 .debug_frame   0x00001810       0x2c c:/program files (x86)/gnu arm embedded toolchain/10 2021.10/bin/../lib/gcc/arm-none-eabi/10.3.1/../../../../arm-none-eabi/lib/thumb/v6-m/nofp\libc_nano.a(lib_a-nano-freer.o)
 .debug_frame   0x0000183c       0x2c c:/program files (x86)/gnu arm embedded toolchain/10 2021.10/bin/../lib/gcc/arm-none-eabi/10.3.1/../../../../arm-none-eabi/lib/thumb/v6-m/nofp\libc_nano.a(lib_a-readr.o)
 .debug_frame   0x00001868       0x48 c:/program files (x86)/gnu arm embedded toolchain/10 2021.10/bin/../lib/gcc/arm-none-eabi/10.3.1/../../../../arm-none-eabi/lib/thumb/v6-m/nofp\libc_nano.a(lib_a-reent.o)
 .debug_frame   0x000018b0       0x2c c:/program files (x86)/gnu arm embedded toolchain/10 2021.10/bin/../lib/gcc/arm-none-eabi/10.3.1/../../../../arm-none-eabi/lib/thumb/v6-m/nofp\libc_nano.a(lib_a-fstatr.o)
 .debug_frame   0x000018dc       0x2c c:/program files (x86)/gnu arm embedded toolchain/10 2021.10/bin/../lib/gcc/arm-none-eabi/10.3.1/../../../../arm-none-eabi/lib/thumb/v6-m/nofp\libc_nano.a(lib_a-isattyr.o)
 .debug_frame   0x00001908       0x20 c:/program files (x86)/gnu arm embedded toolchain/10 2021.10/bin/../lib/gcc/arm-none-eabi/10.3.1/../../../../arm-none-eabi/lib/thumb/v6-m/nofp\libnosys.a(close.o)
 .debug_frame   0x00001928       0x20 c:/program files (x86)/gnu arm embedded toolchain/10 2021.10/bin/../lib/gcc/arm-none-eabi/10.3.1/../../../../arm-none-eabi/lib/thumb/v6-m/nofp\libnosys.a(fstat.o)
 .debug_frame   0x00001948       0x20 c:/program files (x86)/gnu arm embedded toolchain/10 2021.10/bin/../lib/gcc/arm-none-eabi/10.3.1/../../../../arm-none-eabi/lib/thumb/v6-m/nofp\libnosys.a(isatty.o)
 .debug_frame   0x00001968       0x20 c:/program files (x86)/gnu arm embedded toolchain/10 2021.10/bin/../lib/gcc/arm-none-eabi/10.3.1/../../../../arm-none-eabi/lib/thumb/v6-m/nofp\libnosys.a(lseek.o)
 .debug_frame   0x00001988       0x20 c:/program files (x86)/gnu arm embedded toolchain/10 2021.10/bin/../lib/gcc/arm-none-eabi/10.3.1/../../../../arm-none-eabi/lib/thumb/v6-m/nofp\libnosys.a(sbrk.o)

.debug_info     0x00000000    0x185bf
 .debug_info    0x00000000     0x3a65 _build/nrf51422_xxac_main.c.o
 .debug_info    0x00003a65      0x41d _build/nrf51422_xxac_fes_uuids.c.o
 .debug_info    0x00003e82     0x23db _build/nrf51422_xxac_fes_ble.c.o
 .debug_info    0x0000625d      0x458 _build/nrf51422_xxac_fes_commands.c.o
 .debug_info    0x000066b5      0x359 _build/nrf51422_xxac_app_error.c.o
 .debug_info    0x00006a0e      0x206 _build/nrf51422_xxac_app_error_weak.c.o
 .debug_info    0x00006c14      0x6ce _build/nrf51422_xxac_app_fifo.c.o
 .debug_info    0x000072e2     0x1eee _build/nrf51422_xxac_app_timer.c.o
 .debug_info    0x000091d0      0xf2d _build/nrf51422_xxac_app_uart_fifo.c.o
 .debug_info    0x0000a0fd      0x5b5 _build/nrf51422_xxac_app_util_platform.c.o
 .debug_info    0x0000a6b2      0x198 _build/nrf51422_xxac_retarget.c.o
 .debug_info    0x0000a84a      0xd80 _build/nrf51422_xxac_boards.c.o
 .debug_info    0x0000b5ca     0x17e8 _build/nrf51422_xxac_nrf_drv_clock.c.o
 .debug_info    0x0000cdb2      0x4f3 _build/nrf51422_xxac_nrf_drv_common.c.o
 .debug_info    0x0000d2a5     0x2c11 _build/nrf51422_xxac_nrf_drv_gpiote.c.o
 .debug_info    0x0000feb6     0x32ce _build/nrf51422_xxac_nrf_drv_uart.c.o
 .debug_info    0x00013184     0x2bac _build/nrf51422_xxac_ble_db_discovery.c.o
 .debug_info    0x00015d30      0x1fb _build/nrf51422_xxac_system_nrf51.c.o
 .debug_info    0x00015f2b     0x2694 _build/nrf51422_xxac_softdevice_handler.c.o

.debug_abbrev   0x00000000     0x3a80
 .debug_abbrev  0x00000000      0x577 _build/nrf51422_xxac_main.c.o
 .debug_abbrev  0x00000577      0x1b3 _build/nrf51422_xxac_fes_uuids.c.o
 .debug_abbrev  0x0000072a      0x4ad _build/nrf51422_xxac_fes_ble.c.o
 .debug_abbrev  0x00000bd7      0x1b1 _build/nrf51422_xxac_fes_commands.c.o
 .debug_abbrev  0x00000d88      0x13b _build/nrf51422_xxac_app_error.c.o
 .debug_abbrev  0x00000ec3      0x11a _build/nrf51422_xxac_app_error_weak.c.o
 .debug_abbrev  0x00000fdd      0x185 _build/nrf51422_xxac_app_fifo.c.o
 .debug_abbrev  0x00001162      0x48d _build/nrf51422_xxac_app_timer.c.o
 .debug_abbrev  0x000015ef      0x2a6 _build/nrf51422_xxac_app_uart_fifo.c.o
 .debug_abbrev  0x00001895      0x296 _build/nrf51422_xxac_app_util_platform.c.o
 .debug_abbrev  0x00001b2b       0xdb _build/nrf51422_xxac_retarget.c.o
 .debug_abbrev  0x00001c06      0x2aa _build/nrf51422_xxac_boards.c.o
 .debug_abbrev  0x00001eb0      0x51e _build/nrf51422_xxac_nrf_drv_clock.c.o
 .debug_abbrev  0x000023ce      0x1a8 _build/nrf51422_xxac_nrf_drv_common.c.o
 .debug_abbrev  0x00002576      0x4f0 _build/nrf51422_xxac_nrf_drv_gpiote.c.o
 .debug_abbrev  0x00002a66      0x409 _build/nrf51422_xxac_nrf_drv_uart.c.o
 .debug_abbrev  0x00002e6f      0x530 _build/nrf51422_xxac_ble_db_discovery.c.o
 .debug_abbrev  0x0000339f      0x124 _build/nrf51422_xxac_system_nrf51.c.o
 .debug_abbrev  0x000034c3      0x5bd _build/nrf51422_xxac_softdevice_handler.c.o

.debug_loc      0x00000000     0xe408
 .debug_loc     0x00000000     0x1435 _build/nrf51422_xxac_main.c.o
 .debug_loc     0x00001435      0x11b _build/nrf51422_xxac_fes_uuids.c.o
 .debug_loc     0x00001550     0x116e _build/nrf51422_xxac_fes_ble.c.o
 .debug_loc     0x000026be      0x110 _build/nrf51422_xxac_fes_commands.c.o
 .debug_loc     0x000027ce      0x158 _build/nrf51422_xxac_app_error.c.o
 .debug_loc     0x00002926       0x25 _build/nrf51422_xxac_app_error_weak.c.o
 .debug_loc     0x0000294b      0x811 _build/nrf51422_xxac_app_fifo.c.o
 .debug_loc     0x0000315c     0x1617 _build/nrf51422_xxac_app_timer.c.o
 .debug_loc     0x00004773      0x429 _build/nrf51422_xxac_app_uart_fifo.c.o
 .debug_loc     0x00004b9c       0xb5 _build/nrf51422_xxac_app_util_platform.c.o
 .debug_loc     0x00004c51      0x14b _build/nrf51422_xxac_retarget.c.o
 .debug_loc     0x00004d9c      0xbca _build/nrf51422_xxac_boards.c.o
 .debug_loc     0x00005966      0x630 _build/nrf51422_xxac_nrf_drv_clock.c.o
 .debug_loc     0x00005f96       0xfe _build/nrf51422_xxac_nrf_drv_common.c.o
 .debug_loc     0x00006094     0x2f93 _build/nrf51422_xxac_nrf_drv_gpiote.c.o
 .debug_loc     0x00009027     0x1fe5 _build/nrf51422_xxac_nrf_drv_uart.c.o
 .debug_loc     0x0000b00c     0x2bdd _build/nrf51422_xxac_ble_db_discovery.c.o
 .debug_loc     0x0000dbe9      0x81f _build/nrf51422_xxac_softdevice_handler.c.o

.debug_aranges  0x00000000      0x6d0
 .debug_aranges
                0x00000000       0x88 _build/nrf51422_xxac_main.c.o
 .debug_aranges
                0x00000088       0x28 _build/nrf51422_xxac_fes_uuids.c.o
 .debug_aranges
                0x000000b0       0x80 _build/nrf51422_xxac_fes_ble.c.o
 .debug_aranges
                0x00000130       0x28 _build/nrf51422_xxac_fes_commands.c.o
 .debug_aranges
                0x00000158       0x30 _build/nrf51422_xxac_app_error.c.o
 .debug_aranges
                0x00000188       0x20 _build/nrf51422_xxac_app_error_weak.c.o
 .debug_aranges
                0x000001a8       0x50 _build/nrf51422_xxac_app_fifo.c.o
 .debug_aranges
                0x000001f8       0x60 _build/nrf51422_xxac_app_timer.c.o
 .debug_aranges
                0x00000258       0x48 _build/nrf51422_xxac_app_uart_fifo.c.o
 .debug_aranges
                0x000002a0       0x38 _build/nrf51422_xxac_app_util_platform.c.o
 .debug_aranges
                0x000002d8       0x28 _build/nrf51422_xxac_retarget.c.o
 .debug_aranges
                0x00000300       0x80 _build/nrf51422_xxac_boards.c.o
 .debug_aranges
                0x00000380       0xb0 _build/nrf51422_xxac_nrf_drv_clock.c.o
 .debug_aranges
                0x00000430       0x28 _build/nrf51422_xxac_nrf_drv_common.c.o
 .debug_aranges
                0x00000458       0xb8 _build/nrf51422_xxac_nrf_drv_gpiote.c.o
 .debug_aranges
                0x00000510       0x70 _build/nrf51422_xxac_nrf_drv_uart.c.o
 .debug_aranges
                0x00000580       0x70 _build/nrf51422_xxac_ble_db_discovery.c.o
 .debug_aranges
                0x000005f0       0x28 _build/nrf51422_xxac_system_nrf51.c.o
 .debug_aranges
                0x00000618       0xb8 _build/nrf51422_xxac_softdevice_handler.c.o

.debug_ranges   0x00000000     0x41a8
 .debug_ranges  0x00000000      0x4f8 _build/nrf51422_xxac_main.c.o
 .debug_ranges  0x000004f8       0x30 _build/nrf51422_xxac_fes_uuids.c.o
 .debug_ranges  0x00000528      0x1b0 _build/nrf51422_xxac_fes_ble.c.o
 .debug_ranges  0x000006d8       0x48 _build/nrf51422_xxac_fes_commands.c.o
 .debug_ranges  0x00000720       0x20 _build/nrf51422_xxac_app_error.c.o
 .debug_ranges  0x00000740       0x10 _build/nrf51422_xxac_app_error_weak.c.o
 .debug_ranges  0x00000750      0x108 _build/nrf51422_xxac_app_fifo.c.o
 .debug_ranges  0x00000858      0x7f8 _build/nrf51422_xxac_app_timer.c.o
 .debug_ranges  0x00001050       0x50 _build/nrf51422_xxac_app_uart_fifo.c.o
 .debug_ranges  0x000010a0       0x90 _build/nrf51422_xxac_app_util_platform.c.o
 .debug_ranges  0x00001130       0x18 _build/nrf51422_xxac_retarget.c.o
 .debug_ranges  0x00001148      0x6c8 _build/nrf51422_xxac_boards.c.o
 .debug_ranges  0x00001810      0x4d0 _build/nrf51422_xxac_nrf_drv_clock.c.o
 .debug_ranges  0x00001ce0       0x70 _build/nrf51422_xxac_nrf_drv_common.c.o
 .debug_ranges  0x00001d50     0x1268 _build/nrf51422_xxac_nrf_drv_gpiote.c.o
 .debug_ranges  0x00002fb8      0x960 _build/nrf51422_xxac_nrf_drv_uart.c.o
 .debug_ranges  0x00003918      0x570 _build/nrf51422_xxac_ble_db_discovery.c.o
 .debug_ranges  0x00003e88       0x68 _build/nrf51422_xxac_system_nrf51.c.o
 .debug_ranges  0x00003ef0      0x2b8 _build/nrf51422_xxac_softdevice_handler.c.o

.debug_macro    0x00000000     0xfbe5
 .debug_macro   0x00000000      0x4c1 _build/nrf51422_xxac_main.c.o
 .debug_macro   0x000004c1      0xa72 _build/nrf51422_xxac_main.c.o
 .debug_macro   0x00000f33       0x22 _build/nrf51422_xxac_main.c.o
 .debug_macro   0x00000f55       0x5e _build/nrf51422_xxac_main.c.o
 .debug_macro   0x00000fb3       0x18 _build/nrf51422_xxac_main.c.o
 .debug_macro   0x00000fcb       0x5c _build/nrf51422_xxac_main.c.o
 .debug_macro   0x00001027       0x35 _build/nrf51422_xxac_main.c.o
 .debug_macro   0x0000105c       0x34 _build/nrf51422_xxac_main.c.o
 .debug_macro   0x00001090       0x16 _build/nrf51422_xxac_main.c.o
 .debug_macro   0x000010a6       0x57 _build/nrf51422_xxac_main.c.o
 .debug_macro   0x000010fd       0x97 _build/nrf51422_xxac_main.c.o
 .debug_macro   0x00001194      0x35d _build/nrf51422_xxac_main.c.o
 .debug_macro   0x000014f1       0xf6 _build/nrf51422_xxac_main.c.o
 .debug_macro   0x000015e7       0x10 _build/nrf51422_xxac_main.c.o
 .debug_macro   0x000015f7       0x16 _build/nrf51422_xxac_main.c.o
 .debug_macro   0x0000160d       0x43 _build/nrf51422_xxac_main.c.o
 .debug_macro   0x00001650       0x34 _build/nrf51422_xxac_main.c.o
 .debug_macro   0x00001684       0x10 _build/nrf51422_xxac_main.c.o
 .debug_macro   0x00001694       0x58 _build/nrf51422_xxac_main.c.o
 .debug_macro   0x000016ec      0x182 _build/nrf51422_xxac_main.c.o
 .debug_macro   0x0000186e       0x10 _build/nrf51422_xxac_main.c.o
 .debug_macro   0x0000187e       0x6a _build/nrf51422_xxac_main.c.o
 .debug_macro   0x000018e8       0xb2 _build/nrf51422_xxac_main.c.o
 .debug_macro   0x0000199a       0x16 _build/nrf51422_xxac_main.c.o
 .debug_macro   0x000019b0      0x129 _build/nrf51422_xxac_main.c.o
 .debug_macro   0x00001ad9      0x103 _build/nrf51422_xxac_main.c.o
 .debug_macro   0x00001bdc      0x1df _build/nrf51422_xxac_main.c.o
 .debug_macro   0x00001dbb       0x22 _build/nrf51422_xxac_main.c.o
 .debug_macro   0x00001ddd       0x16 _build/nrf51422_xxac_main.c.o
 .debug_macro   0x00001df3       0x35 _build/nrf51422_xxac_main.c.o
 .debug_macro   0x00001e28      0x16d _build/nrf51422_xxac_main.c.o
 .debug_macro   0x00001f95       0x1c _build/nrf51422_xxac_main.c.o
 .debug_macro   0x00001fb1       0x22 _build/nrf51422_xxac_main.c.o
 .debug_macro   0x00001fd3       0x3a _build/nrf51422_xxac_main.c.o
 .debug_macro   0x0000200d       0x26 _build/nrf51422_xxac_main.c.o
 .debug_macro   0x00002033      0x30d _build/nrf51422_xxac_main.c.o
 .debug_macro   0x00002340      0x1b6 _build/nrf51422_xxac_main.c.o
 .debug_macro   0x000024f6     0x6504 _build/nrf51422_xxac_main.c.o
 .debug_macro   0x000089fa      0x97c _build/nrf51422_xxac_main.c.o
 .debug_macro   0x00009376       0x22 _build/nrf51422_xxac_main.c.o
 .debug_macro   0x00009398       0x9a _build/nrf51422_xxac_main.c.o
 .debug_macro   0x00009432      0x350 _build/nrf51422_xxac_main.c.o
 .debug_macro   0x00009782       0x8e _build/nrf51422_xxac_main.c.o
 .debug_macro   0x00009810       0x2b _build/nrf51422_xxac_main.c.o
 .debug_macro   0x0000983b       0x16 _build/nrf51422_xxac_main.c.o
 .debug_macro   0x00009851       0x40 _build/nrf51422_xxac_main.c.o
 .debug_macro   0x00009891       0x64 _build/nrf51422_xxac_main.c.o
 .debug_macro   0x000098f5       0x22 _build/nrf51422_xxac_main.c.o
 .debug_macro   0x00009917       0x10 _build/nrf51422_xxac_main.c.o
 .debug_macro   0x00009927       0x72 _build/nrf51422_xxac_main.c.o
 .debug_macro   0x00009999       0x18 _build/nrf51422_xxac_main.c.o
 .debug_macro   0x000099b1       0xd6 _build/nrf51422_xxac_main.c.o
 .debug_macro   0x00009a87      0x1fb _build/nrf51422_xxac_main.c.o
 .debug_macro   0x00009c82      0x3fa _build/nrf51422_xxac_main.c.o
 .debug_macro   0x0000a07c       0x40 _build/nrf51422_xxac_main.c.o
 .debug_macro   0x0000a0bc       0x22 _build/nrf51422_xxac_main.c.o
 .debug_macro   0x0000a0de      0x201 _build/nrf51422_xxac_main.c.o
 .debug_macro   0x0000a2df       0x1c _build/nrf51422_xxac_main.c.o
 .debug_macro   0x0000a2fb       0xdb _build/nrf51422_xxac_main.c.o
 .debug_macro   0x0000a3d6       0x24 _build/nrf51422_xxac_main.c.o
 .debug_macro   0x0000a3fa      0x39b _build/nrf51422_xxac_main.c.o
 .debug_macro   0x0000a795      0x2ea _build/nrf51422_xxac_main.c.o
 .debug_macro   0x0000aa7f       0x10 _build/nrf51422_xxac_main.c.o
 .debug_macro   0x0000aa8f       0x3c _build/nrf51422_xxac_main.c.o
 .debug_macro   0x0000aacb      0x168 _build/nrf51422_xxac_main.c.o
 .debug_macro   0x0000ac33       0x16 _build/nrf51422_xxac_main.c.o
 .debug_macro   0x0000ac49       0x22 _build/nrf51422_xxac_main.c.o
 .debug_macro   0x0000ac6b       0x16 _build/nrf51422_xxac_main.c.o
 .debug_macro   0x0000ac81      0x23f _build/nrf51422_xxac_main.c.o
 .debug_macro   0x0000aec0      0x115 _build/nrf51422_xxac_main.c.o
 .debug_macro   0x0000afd5       0x16 _build/nrf51422_xxac_main.c.o
 .debug_macro   0x0000afeb       0x22 _build/nrf51422_xxac_main.c.o
 .debug_macro   0x0000b00d       0x1c _build/nrf51422_xxac_main.c.o
 .debug_macro   0x0000b029       0xa6 _build/nrf51422_xxac_main.c.o
 .debug_macro   0x0000b0cf       0x1c _build/nrf51422_xxac_main.c.o
 .debug_macro   0x0000b0eb       0x8f _build/nrf51422_xxac_main.c.o
 .debug_macro   0x0000b17a       0x1c _build/nrf51422_xxac_main.c.o
 .debug_macro   0x0000b196       0x10 _build/nrf51422_xxac_main.c.o
 .debug_macro   0x0000b1a6      0x18a _build/nrf51422_xxac_main.c.o
 .debug_macro   0x0000b330       0x1c _build/nrf51422_xxac_main.c.o
 .debug_macro   0x0000b34c       0x6a _build/nrf51422_xxac_main.c.o
 .debug_macro   0x0000b3b6       0x46 _build/nrf51422_xxac_main.c.o
 .debug_macro   0x0000b3fc       0x2e _build/nrf51422_xxac_main.c.o
 .debug_macro   0x0000b42a       0x10 _build/nrf51422_xxac_main.c.o
 .debug_macro   0x0000b43a       0x16 _build/nrf51422_xxac_main.c.o
 .debug_macro   0x0000b450      0x3b2 _build/nrf51422_xxac_fes_uuids.c.o
 .debug_macro   0x0000b802       0x4b _build/nrf51422_xxac_fes_uuids.c.o
 .debug_macro   0x0000b84d       0x56 _build/nrf51422_xxac_fes_uuids.c.o
 .debug_macro   0x0000b8a3       0x51 _build/nrf51422_xxac_fes_uuids.c.o
 .debug_macro   0x0000b8f4      0x3f4 _build/nrf51422_xxac_fes_uuids.c.o
 .debug_macro   0x0000bce8       0x3a _build/nrf51422_xxac_fes_uuids.c.o
 .debug_macro   0x0000bd22       0x2e _build/nrf51422_xxac_fes_uuids.c.o
 .debug_macro   0x0000bd50      0x395 _build/nrf51422_xxac_fes_uuids.c.o
 .debug_macro   0x0000c0e5       0x64 _build/nrf51422_xxac_fes_uuids.c.o
 .debug_macro   0x0000c149       0xbe _build/nrf51422_xxac_fes_uuids.c.o
 .debug_macro   0x0000c207       0x1c _build/nrf51422_xxac_fes_uuids.c.o
 .debug_macro   0x0000c223       0x64 _build/nrf51422_xxac_fes_uuids.c.o
 .debug_macro   0x0000c287      0x3c2 _build/nrf51422_xxac_fes_ble.c.o
 .debug_macro   0x0000c649      0x1f5 _build/nrf51422_xxac_fes_ble.c.o
 .debug_macro   0x0000c83e       0x40 _build/nrf51422_xxac_fes_ble.c.o
 .debug_macro   0x0000c87e      0x40e _build/nrf51422_xxac_fes_commands.c.o
 .debug_macro   0x0000cc8c       0x34 _build/nrf51422_xxac_fes_commands.c.o
 .debug_macro   0x0000ccc0      0x284 _build/nrf51422_xxac_app_error.c.o
 .debug_macro   0x0000cf44       0x22 _build/nrf51422_xxac_app_error.c.o
 .debug_macro   0x0000cf66      0x170 _build/nrf51422_xxac_app_error.c.o
 .debug_macro   0x0000d0d6       0x5a _build/nrf51422_xxac_app_error.c.o
 .debug_macro   0x0000d130       0x28 _build/nrf51422_xxac_app_error.c.o
 .debug_macro   0x0000d158       0x22 _build/nrf51422_xxac_app_error.c.o
 .debug_macro   0x0000d17a      0x284 _build/nrf51422_xxac_app_error_weak.c.o
 .debug_macro   0x0000d3fe       0x1c _build/nrf51422_xxac_app_error_weak.c.o
 .debug_macro   0x0000d41a      0x214 _build/nrf51422_xxac_app_fifo.c.o
 .debug_macro   0x0000d62e      0x31b _build/nrf51422_xxac_app_timer.c.o
 .debug_macro   0x0000d949      0x320 _build/nrf51422_xxac_app_uart_fifo.c.o
 .debug_macro   0x0000dc69       0x10 _build/nrf51422_xxac_app_uart_fifo.c.o
 .debug_macro   0x0000dc79       0x36 _build/nrf51422_xxac_app_uart_fifo.c.o
 .debug_macro   0x0000dcaf      0x257 _build/nrf51422_xxac_app_util_platform.c.o
 .debug_macro   0x0000df06      0x2a8 _build/nrf51422_xxac_retarget.c.o
 .debug_macro   0x0000e1ae      0x27b _build/nrf51422_xxac_boards.c.o
 .debug_macro   0x0000e429      0x415 _build/nrf51422_xxac_nrf_drv_clock.c.o
 .debug_macro   0x0000e83e       0x10 _build/nrf51422_xxac_nrf_drv_clock.c.o
 .debug_macro   0x0000e84e       0x28 _build/nrf51422_xxac_nrf_drv_clock.c.o
 .debug_macro   0x0000e876       0x16 _build/nrf51422_xxac_nrf_drv_clock.c.o
 .debug_macro   0x0000e88c       0x16 _build/nrf51422_xxac_nrf_drv_clock.c.o
 .debug_macro   0x0000e8a2      0x176 _build/nrf51422_xxac_nrf_drv_clock.c.o
 .debug_macro   0x0000ea18      0x2c1 _build/nrf51422_xxac_nrf_drv_common.c.o
 .debug_macro   0x0000ecd9       0x22 _build/nrf51422_xxac_nrf_drv_common.c.o
 .debug_macro   0x0000ecfb      0x397 _build/nrf51422_xxac_nrf_drv_gpiote.c.o
 .debug_macro   0x0000f092       0x16 _build/nrf51422_xxac_nrf_drv_gpiote.c.o
 .debug_macro   0x0000f0a8      0x37c _build/nrf51422_xxac_nrf_drv_uart.c.o
 .debug_macro   0x0000f424      0x2e5 _build/nrf51422_xxac_ble_db_discovery.c.o
 .debug_macro   0x0000f709       0xdf _build/nrf51422_xxac_system_nrf51.c.o
 .debug_macro   0x0000f7e8      0x3ed _build/nrf51422_xxac_softdevice_handler.c.o
 .debug_macro   0x0000fbd5       0x10 _build/nrf51422_xxac_softdevice_handler.c.o

.debug_line     0x00000000    0x1365e
 .debug_line    0x00000000     0x19e5 _build/nrf51422_xxac_main.c.o
 .debug_line    0x000019e5      0xa94 _build/nrf51422_xxac_fes_uuids.c.o
 .debug_line    0x00002479     0x151f _build/nrf51422_xxac_fes_ble.c.o
 .debug_line    0x00003998      0xb3e _build/nrf51422_xxac_fes_commands.c.o
 .debug_line    0x000044d6      0x832 _build/nrf51422_xxac_app_error.c.o
 .debug_line    0x00004d08      0x751 _build/nrf51422_xxac_app_error_weak.c.o
 .debug_line    0x00005459      0xa08 _build/nrf51422_xxac_app_fifo.c.o
 .debug_line    0x00005e61     0x1874 _build/nrf51422_xxac_app_timer.c.o
 .debug_line    0x000076d5      0xbca _build/nrf51422_xxac_app_uart_fifo.c.o
 .debug_line    0x0000829f      0x7f0 _build/nrf51422_xxac_app_util_platform.c.o
 .debug_line    0x00008a8f      0x749 _build/nrf51422_xxac_retarget.c.o
 .debug_line    0x000091d8      0xf41 _build/nrf51422_xxac_boards.c.o
 .debug_line    0x0000a119     0x15dc _build/nrf51422_xxac_nrf_drv_clock.c.o
 .debug_line    0x0000b6f5      0x880 _build/nrf51422_xxac_nrf_drv_common.c.o
 .debug_line    0x0000bf75     0x29fe _build/nrf51422_xxac_nrf_drv_gpiote.c.o
 .debug_line    0x0000e973     0x1cd5 _build/nrf51422_xxac_nrf_drv_uart.c.o
 .debug_line    0x00010648     0x1968 _build/nrf51422_xxac_ble_db_discovery.c.o
 .debug_line    0x00011fb0      0x4ee _build/nrf51422_xxac_system_nrf51.c.o
 .debug_line    0x0001249e     0x11c0 _build/nrf51422_xxac_softdevice_handler.c.o

.debug_str      0x00000000    0x45690
 .debug_str     0x00000000    0x3e5c2 _build/nrf51422_xxac_main.c.o
                              0x3ea64 (size before relaxing)
 .debug_str     0x0003e5c2      0x443 _build/nrf51422_xxac_fes_uuids.c.o
                              0x39630 (size before relaxing)
 .debug_str     0x0003ea05      0x2e8 _build/nrf51422_xxac_fes_ble.c.o
                              0x3a955 (size before relaxing)
 .debug_str     0x0003eced       0x1a _build/nrf51422_xxac_fes_commands.c.o
                              0x39f32 (size before relaxing)
 .debug_str     0x0003ed07     0x19e7 _build/nrf51422_xxac_app_error.c.o
                              0x34241 (size before relaxing)
 .debug_str     0x000406ee       0xda _build/nrf51422_xxac_app_error_weak.c.o
                              0x3418e (size before relaxing)
 .debug_str     0x000407c8      0x193 _build/nrf51422_xxac_app_fifo.c.o
                              0x32162 (size before relaxing)
 .debug_str     0x0004095b      0xb2e _build/nrf51422_xxac_app_timer.c.o
                              0x343d0 (size before relaxing)
 .debug_str     0x00041489      0x9a3 _build/nrf51422_xxac_app_uart_fifo.c.o
                              0x346e7 (size before relaxing)
 .debug_str     0x00041e2c      0x18b _build/nrf51422_xxac_app_util_platform.c.o
                              0x3029a (size before relaxing)
 .debug_str     0x00041fb7       0x6f _build/nrf51422_xxac_retarget.c.o
                              0x335cf (size before relaxing)
 .debug_str     0x00042026      0x4f3 _build/nrf51422_xxac_boards.c.o
                              0x30d13 (size before relaxing)
 .debug_str     0x00042519      0xcd5 _build/nrf51422_xxac_nrf_drv_clock.c.o
                              0x3b97c (size before relaxing)
 .debug_str     0x000431ee       0x88 _build/nrf51422_xxac_nrf_drv_common.c.o
                              0x33b00 (size before relaxing)
 .debug_str     0x00043276     0x1128 _build/nrf51422_xxac_nrf_drv_gpiote.c.o
                              0x36838 (size before relaxing)
 .debug_str     0x0004439e      0x683 _build/nrf51422_xxac_nrf_drv_uart.c.o
                              0x3666c (size before relaxing)
 .debug_str     0x00044a21      0x507 _build/nrf51422_xxac_ble_db_discovery.c.o
                              0x39bc9 (size before relaxing)
 .debug_str     0x00044f28      0x14c _build/nrf51422_xxac_system_nrf51.c.o
                              0x2a76c (size before relaxing)
 .debug_str     0x00045074      0x61c _build/nrf51422_xxac_softdevice_handler.c.o
                              0x3c018 (size before relaxing)

.stab           0x00000000       0x6c
 .stab          0x00000000       0x24 c:/program files (x86)/gnu arm embedded toolchain/10 2021.10/bin/../lib/gcc/arm-none-eabi/10.3.1/../../../../arm-none-eabi/lib/thumb/v6-m/nofp\libnosys.a(close.o)
 .stab          0x00000024       0x18 c:/program files (x86)/gnu arm embedded toolchain/10 2021.10/bin/../lib/gcc/arm-none-eabi/10.3.1/../../../../arm-none-eabi/lib/thumb/v6-m/nofp\libnosys.a(fstat.o)
                                 0x24 (size before relaxing)
 .stab          0x0000003c       0x18 c:/program files (x86)/gnu arm embedded toolchain/10 2021.10/bin/../lib/gcc/arm-none-eabi/10.3.1/../../../../arm-none-eabi/lib/thumb/v6-m/nofp\libnosys.a(isatty.o)
                                 0x24 (size before relaxing)
 .stab          0x00000054       0x18 c:/program files (x86)/gnu arm embedded toolchain/10 2021.10/bin/../lib/gcc/arm-none-eabi/10.3.1/../../../../arm-none-eabi/lib/thumb/v6-m/nofp\libnosys.a(lseek.o)
                                 0x24 (size before relaxing)

.stabstr        0x00000000       0xe3
 .stabstr       0x00000000       0xe3 c:/program files (x86)/gnu arm embedded toolchain/10 2021.10/bin/../lib/gcc/arm-none-eabi/10.3.1/../../../../arm-none-eabi/lib/thumb/v6-m/nofp\libnosys.a(close.o)